<html>
<body>
<pre>
<h1>µVision Build Log</h1>
<h2>Project:</h2>
C:\Users\rsasalt\Desktop\Labware\Lab6_BranchingFunctionsDelays\Lab6.uvproj
Project File Date:  09/21/2017

<h2>Output:</h2>
Build target 'Lab6'
compiling BranchingFunctionsDelays.c...
linking...
Program Size: Code=3648 RO-data=5996 RW-data=56 ZI-data=1752  
".\Lab6.axf" - 0 Error(s), 0 Warning(s).
s.c: 1 warning, 0 errors
linking...
Program Size: Code=3648 RO-data=5996 RW-data=56 ZI-data=1752  
".\Lab6.axf" - 0 Error(s), 1 Warning(s).
s), 0 Warning(s).
Error: Could not load file 'C:\Users\rsasalt\Desktop\Labware\Lab6_BranchingFunctionsDelays\Lab6.axf'. Debugger aborted !
