<html>
<body>
<pre>
<h1>µVision Build Log</h1>
<h2>Project:</h2>
C:\Users\md5salt\Desktop\Labware_2017\Labware\Lab13_DAC\Lab13.uvproj
Project File Date:  11/23/2017

<h2>Output:</h2>
Build target 'Lab13'
compiling Piano.c...
linking...
Program Size: Code=6228 RO-data=9608 RW-data=80 ZI-data=1816  
".\Lab13.axf" - 0 Error(s), 0 Warning(s).
</pre>
</body>
</html>

compiling Piano.c...
linking...
Program Size: Code=6228 RO-data=9608 RW-data=80 ZI-data=1816  
".\Lab13.axf" - 0 Error(s), 1 Warning(s).
...
Program Size: Code=6228 RO-data=9608 RW-data=80 ZI-data=1816  
".\Lab13.axf" - 0 Error(s), 2 Warning(s).
=6224 RO-data=9608 RW-data=80 ZI-data=1816  
".\Lab13.axf" - 0 Error(s), 2 Warning(s).
