<html>
<body>
<pre>
<h1>µVision Build Log</h1>
<h2>Project:</h2>
C:\Users\md5salt\Desktop\Labware_2017\Labware\Lab9_FunctionalDebugging\Lab9.uvproj
Project File Date:  10/25/2017

<h2>Output:</h2>
Build target 'Lab9'
compiling main.c...
main.c(87): warning:  #174-D: expression has no effect
    i,k = 0;          // array index
main.c: 1 warning, 0 errors
linking...
Program Size: Code=2944 RO-data=2712 RW-data=56 ZI-data=1640  
".\Lab9.axf" - 0 Error(s), 1 Warning(s).
</pre>
</body>
</html>
ng(s).
Target not created
ta){
main.c: 0 warnings, 3 errors
".\Lab9.axf" - 3 Error(s), 0 Warning(s).
Target not created
