<html>
<body>
<pre>
<h1>µVision Build Log</h1>
<h2>Project:</h2>
C:\Users\md5salt\Desktop\Labware_2017\Labware\Lab10_TrafficLight\Lab10.uvproj
Project File Date:  10/25/2017

<h2>Output:</h2>
Build target 'Lab10'
compiling TableTrafficLight.c...
linking...
Program Size: Code=4516 RO-data=14692 RW-data=76 ZI-data=1756  
".\Lab10.axf" - 0 Error(s), 0 Warning(s).
,waitAll,waitAll,waitAll,goP}},
TableTrafficLight.c: 0 warnings, 1 error
".\Lab10.axf" - 1 Error(s), 0 Warning(s).
Target not created
Error: Could not load file 'C:\Users\md5salt\Desktop\Labware_2017\Labware\Lab10_TrafficLight\Lab10.axf'. Debugger aborted !
compiling TableTrafficLight.c...
TableTrafficLight.c(58): error:  #20: identifier "goP" is undefined
   {0x22, 0x02, 10,{waitAll,waitAll,waitAll,waitAll,waitAll,waitAll,waitAll,goP}},
TableTrafficLight.c: 0 warnings, 1 error
"TableTrafficLight.c" - 1 Error(s), 0 Warning(s).
