<?xml version="1.0"?>
<link_info>
   <banner>TI ARM Linker PC v5.2.4</banner>
   <copyright>Copyright (c) 1996-2015 Texas Instruments Incorporated</copyright>
   <link_time>0x56b6cd4b</link_time>
   <link_errors>0x0</link_errors>
   <output_file>ESP8266_4C123.out</output_file>
   <entry_point>
      <name>_c_int00</name>
      <address>0x47d1</address>
   </entry_point>
   <input_file_list>
      <input_file id="fl-2">
         <path>.\</path>
         <kind>object</kind>
         <file>LED.obj</file>
         <name>LED.obj</name>
      </input_file>
      <input_file id="fl-3">
         <path>.\</path>
         <kind>object</kind>
         <file>UART.obj</file>
         <name>UART.obj</name>
      </input_file>
      <input_file id="fl-4">
         <path>.\</path>
         <kind>object</kind>
         <file>esp8266.obj</file>
         <name>esp8266.obj</name>
      </input_file>
      <input_file id="fl-5">
         <path>.\</path>
         <kind>object</kind>
         <file>main.obj</file>
         <name>main.obj</name>
      </input_file>
      <input_file id="fl-6">
         <path>.\</path>
         <kind>object</kind>
         <file>pll.obj</file>
         <name>pll.obj</name>
      </input_file>
      <input_file id="fl-7">
         <path>.\</path>
         <kind>object</kind>
         <file>tm4c123gh6pm_startup_ccs.obj</file>
         <name>tm4c123gh6pm_startup_ccs.obj</name>
      </input_file>
      <input_file id="fl-12d">
         <path>C:\ti\ccsv6\tools\compiler\ti-cgt-arm_5.2.4\lib\</path>
         <kind>archive</kind>
         <file>rtsv7M4_T_le_v4SPD16_eabi.lib</file>
         <name>boot.obj</name>
      </input_file>
      <input_file id="fl-12e">
         <path>C:\ti\ccsv6\tools\compiler\ti-cgt-arm_5.2.4\lib\</path>
         <kind>archive</kind>
         <file>rtsv7M4_T_le_v4SPD16_eabi.lib</file>
         <name>copy_decompress_none.obj</name>
      </input_file>
      <input_file id="fl-12f">
         <path>C:\ti\ccsv6\tools\compiler\ti-cgt-arm_5.2.4\lib\</path>
         <kind>archive</kind>
         <file>rtsv7M4_T_le_v4SPD16_eabi.lib</file>
         <name>copy_decompress_rle.obj</name>
      </input_file>
      <input_file id="fl-130">
         <path>C:\ti\ccsv6\tools\compiler\ti-cgt-arm_5.2.4\lib\</path>
         <kind>archive</kind>
         <file>rtsv7M4_T_le_v4SPD16_eabi.lib</file>
         <name>copy_zero_init.obj</name>
      </input_file>
      <input_file id="fl-131">
         <path>C:\ti\ccsv6\tools\compiler\ti-cgt-arm_5.2.4\lib\</path>
         <kind>archive</kind>
         <file>rtsv7M4_T_le_v4SPD16_eabi.lib</file>
         <name>defs.obj</name>
      </input_file>
      <input_file id="fl-132">
         <path>C:\ti\ccsv6\tools\compiler\ti-cgt-arm_5.2.4\lib\</path>
         <kind>archive</kind>
         <file>rtsv7M4_T_le_v4SPD16_eabi.lib</file>
         <name>exit.obj</name>
      </input_file>
      <input_file id="fl-133">
         <path>C:\ti\ccsv6\tools\compiler\ti-cgt-arm_5.2.4\lib\</path>
         <kind>archive</kind>
         <file>rtsv7M4_T_le_v4SPD16_eabi.lib</file>
         <name>fopen.obj</name>
      </input_file>
      <input_file id="fl-134">
         <path>C:\ti\ccsv6\tools\compiler\ti-cgt-arm_5.2.4\lib\</path>
         <kind>archive</kind>
         <file>rtsv7M4_T_le_v4SPD16_eabi.lib</file>
         <name>lowlev.obj</name>
      </input_file>
      <input_file id="fl-135">
         <path>C:\ti\ccsv6\tools\compiler\ti-cgt-arm_5.2.4\lib\</path>
         <kind>archive</kind>
         <file>rtsv7M4_T_le_v4SPD16_eabi.lib</file>
         <name>memcpy_t2.obj</name>
      </input_file>
      <input_file id="fl-136">
         <path>C:\ti\ccsv6\tools\compiler\ti-cgt-arm_5.2.4\lib\</path>
         <kind>archive</kind>
         <file>rtsv7M4_T_le_v4SPD16_eabi.lib</file>
         <name>memset_t2.obj</name>
      </input_file>
      <input_file id="fl-137">
         <path>C:\ti\ccsv6\tools\compiler\ti-cgt-arm_5.2.4\lib\</path>
         <kind>archive</kind>
         <file>rtsv7M4_T_le_v4SPD16_eabi.lib</file>
         <name>pre_init.obj</name>
      </input_file>
      <input_file id="fl-138">
         <path>C:\ti\ccsv6\tools\compiler\ti-cgt-arm_5.2.4\lib\</path>
         <kind>archive</kind>
         <file>rtsv7M4_T_le_v4SPD16_eabi.lib</file>
         <name>printf.obj</name>
      </input_file>
      <input_file id="fl-139">
         <path>C:\ti\ccsv6\tools\compiler\ti-cgt-arm_5.2.4\lib\</path>
         <kind>archive</kind>
         <file>rtsv7M4_T_le_v4SPD16_eabi.lib</file>
         <name>setvbuf.obj</name>
      </input_file>
      <input_file id="fl-13a">
         <path>C:\ti\ccsv6\tools\compiler\ti-cgt-arm_5.2.4\lib\</path>
         <kind>archive</kind>
         <file>rtsv7M4_T_le_v4SPD16_eabi.lib</file>
         <name>sprintf.obj</name>
      </input_file>
      <input_file id="fl-13b">
         <path>C:\ti\ccsv6\tools\compiler\ti-cgt-arm_5.2.4\lib\</path>
         <kind>archive</kind>
         <file>rtsv7M4_T_le_v4SPD16_eabi.lib</file>
         <name>stkdepth_vars.obj</name>
      </input_file>
      <input_file id="fl-13c">
         <path>C:\ti\ccsv6\tools\compiler\ti-cgt-arm_5.2.4\lib\</path>
         <kind>archive</kind>
         <file>rtsv7M4_T_le_v4SPD16_eabi.lib</file>
         <name>strchr.obj</name>
      </input_file>
      <input_file id="fl-13d">
         <path>C:\ti\ccsv6\tools\compiler\ti-cgt-arm_5.2.4\lib\</path>
         <kind>archive</kind>
         <file>rtsv7M4_T_le_v4SPD16_eabi.lib</file>
         <name>strcmp.obj</name>
      </input_file>
      <input_file id="fl-13e">
         <path>C:\ti\ccsv6\tools\compiler\ti-cgt-arm_5.2.4\lib\</path>
         <kind>archive</kind>
         <file>rtsv7M4_T_le_v4SPD16_eabi.lib</file>
         <name>strcpy.obj</name>
      </input_file>
      <input_file id="fl-13f">
         <path>C:\ti\ccsv6\tools\compiler\ti-cgt-arm_5.2.4\lib\</path>
         <kind>archive</kind>
         <file>rtsv7M4_T_le_v4SPD16_eabi.lib</file>
         <name>strlen.obj</name>
      </input_file>
      <input_file id="fl-140">
         <path>C:\ti\ccsv6\tools\compiler\ti-cgt-arm_5.2.4\lib\</path>
         <kind>archive</kind>
         <file>rtsv7M4_T_le_v4SPD16_eabi.lib</file>
         <name>strncpy.obj</name>
      </input_file>
      <input_file id="fl-141">
         <path>C:\ti\ccsv6\tools\compiler\ti-cgt-arm_5.2.4\lib\</path>
         <kind>archive</kind>
         <file>rtsv7M4_T_le_v4SPD16_eabi.lib</file>
         <name>strstr.obj</name>
      </input_file>
      <input_file id="fl-142">
         <path>C:\ti\ccsv6\tools\compiler\ti-cgt-arm_5.2.4\lib\</path>
         <kind>archive</kind>
         <file>rtsv7M4_T_le_v4SPD16_eabi.lib</file>
         <name>trgdrv.obj</name>
      </input_file>
      <input_file id="fl-143">
         <path>C:\ti\ccsv6\tools\compiler\ti-cgt-arm_5.2.4\lib\</path>
         <kind>archive</kind>
         <file>rtsv7M4_T_le_v4SPD16_eabi.lib</file>
         <name>trgmsg.obj</name>
      </input_file>
      <input_file id="fl-144">
         <path>C:\ti\ccsv6\tools\compiler\ti-cgt-arm_5.2.4\lib\</path>
         <kind>archive</kind>
         <file>rtsv7M4_T_le_v4SPD16_eabi.lib</file>
         <name>_lock.obj</name>
      </input_file>
      <input_file id="fl-145">
         <path>C:\ti\ccsv6\tools\compiler\ti-cgt-arm_5.2.4\lib\</path>
         <kind>archive</kind>
         <file>rtsv7M4_T_le_v4SPD16_eabi.lib</file>
         <name>_printfi.obj</name>
      </input_file>
      <input_file id="fl-146">
         <path>C:\ti\ccsv6\tools\compiler\ti-cgt-arm_5.2.4\lib\</path>
         <kind>archive</kind>
         <file>rtsv7M4_T_le_v4SPD16_eabi.lib</file>
         <name>args_main.obj</name>
      </input_file>
      <input_file id="fl-147">
         <path>C:\ti\ccsv6\tools\compiler\ti-cgt-arm_5.2.4\lib\</path>
         <kind>archive</kind>
         <file>rtsv7M4_T_le_v4SPD16_eabi.lib</file>
         <name>atoi.obj</name>
      </input_file>
      <input_file id="fl-148">
         <path>C:\ti\ccsv6\tools\compiler\ti-cgt-arm_5.2.4\lib\</path>
         <kind>archive</kind>
         <file>rtsv7M4_T_le_v4SPD16_eabi.lib</file>
         <name>autoinit.obj</name>
      </input_file>
      <input_file id="fl-149">
         <path>C:\ti\ccsv6\tools\compiler\ti-cgt-arm_5.2.4\lib\</path>
         <kind>archive</kind>
         <file>rtsv7M4_T_le_v4SPD16_eabi.lib</file>
         <name>cpy_tbl.obj</name>
      </input_file>
      <input_file id="fl-14a">
         <path>C:\ti\ccsv6\tools\compiler\ti-cgt-arm_5.2.4\lib\</path>
         <kind>archive</kind>
         <file>rtsv7M4_T_le_v4SPD16_eabi.lib</file>
         <name>ctype.obj</name>
      </input_file>
      <input_file id="fl-14b">
         <path>C:\ti\ccsv6\tools\compiler\ti-cgt-arm_5.2.4\lib\</path>
         <kind>archive</kind>
         <file>rtsv7M4_T_le_v4SPD16_eabi.lib</file>
         <name>fclose.obj</name>
      </input_file>
      <input_file id="fl-14c">
         <path>C:\ti\ccsv6\tools\compiler\ti-cgt-arm_5.2.4\lib\</path>
         <kind>archive</kind>
         <file>rtsv7M4_T_le_v4SPD16_eabi.lib</file>
         <name>fd_add_t2.obj</name>
      </input_file>
      <input_file id="fl-14d">
         <path>C:\ti\ccsv6\tools\compiler\ti-cgt-arm_5.2.4\lib\</path>
         <kind>archive</kind>
         <file>rtsv7M4_T_le_v4SPD16_eabi.lib</file>
         <name>fd_cmp_t2.obj</name>
      </input_file>
      <input_file id="fl-14e">
         <path>C:\ti\ccsv6\tools\compiler\ti-cgt-arm_5.2.4\lib\</path>
         <kind>archive</kind>
         <file>rtsv7M4_T_le_v4SPD16_eabi.lib</file>
         <name>fd_div_t2.obj</name>
      </input_file>
      <input_file id="fl-14f">
         <path>C:\ti\ccsv6\tools\compiler\ti-cgt-arm_5.2.4\lib\</path>
         <kind>archive</kind>
         <file>rtsv7M4_T_le_v4SPD16_eabi.lib</file>
         <name>fd_mul_t2.obj</name>
      </input_file>
      <input_file id="fl-150">
         <path>C:\ti\ccsv6\tools\compiler\ti-cgt-arm_5.2.4\lib\</path>
         <kind>archive</kind>
         <file>rtsv7M4_T_le_v4SPD16_eabi.lib</file>
         <name>fd_toi_t2.obj</name>
      </input_file>
      <input_file id="fl-151">
         <path>C:\ti\ccsv6\tools\compiler\ti-cgt-arm_5.2.4\lib\</path>
         <kind>archive</kind>
         <file>rtsv7M4_T_le_v4SPD16_eabi.lib</file>
         <name>fflush.obj</name>
      </input_file>
      <input_file id="fl-152">
         <path>C:\ti\ccsv6\tools\compiler\ti-cgt-arm_5.2.4\lib\</path>
         <kind>archive</kind>
         <file>rtsv7M4_T_le_v4SPD16_eabi.lib</file>
         <name>fputs.obj</name>
      </input_file>
      <input_file id="fl-153">
         <path>C:\ti\ccsv6\tools\compiler\ti-cgt-arm_5.2.4\lib\</path>
         <kind>archive</kind>
         <file>rtsv7M4_T_le_v4SPD16_eabi.lib</file>
         <name>frexp.obj</name>
      </input_file>
      <input_file id="fl-154">
         <path>C:\ti\ccsv6\tools\compiler\ti-cgt-arm_5.2.4\lib\</path>
         <kind>archive</kind>
         <file>rtsv7M4_T_le_v4SPD16_eabi.lib</file>
         <name>i_tofd_t2.obj</name>
      </input_file>
      <input_file id="fl-155">
         <path>C:\ti\ccsv6\tools\compiler\ti-cgt-arm_5.2.4\lib\</path>
         <kind>archive</kind>
         <file>rtsv7M4_T_le_v4SPD16_eabi.lib</file>
         <name>ldexp.obj</name>
      </input_file>
      <input_file id="fl-156">
         <path>C:\ti\ccsv6\tools\compiler\ti-cgt-arm_5.2.4\lib\</path>
         <kind>archive</kind>
         <file>rtsv7M4_T_le_v4SPD16_eabi.lib</file>
         <name>ltoa.obj</name>
      </input_file>
      <input_file id="fl-157">
         <path>C:\ti\ccsv6\tools\compiler\ti-cgt-arm_5.2.4\lib\</path>
         <kind>archive</kind>
         <file>rtsv7M4_T_le_v4SPD16_eabi.lib</file>
         <name>memccpy.obj</name>
      </input_file>
      <input_file id="fl-158">
         <path>C:\ti\ccsv6\tools\compiler\ti-cgt-arm_5.2.4\lib\</path>
         <kind>archive</kind>
         <file>rtsv7M4_T_le_v4SPD16_eabi.lib</file>
         <name>memchr.obj</name>
      </input_file>
      <input_file id="fl-159">
         <path>C:\ti\ccsv6\tools\compiler\ti-cgt-arm_5.2.4\lib\</path>
         <kind>archive</kind>
         <file>rtsv7M4_T_le_v4SPD16_eabi.lib</file>
         <name>memory.obj</name>
      </input_file>
      <input_file id="fl-15a">
         <path>C:\ti\ccsv6\tools\compiler\ti-cgt-arm_5.2.4\lib\</path>
         <kind>archive</kind>
         <file>rtsv7M4_T_le_v4SPD16_eabi.lib</file>
         <name>remove.obj</name>
      </input_file>
      <input_file id="fl-15b">
         <path>C:\ti\ccsv6\tools\compiler\ti-cgt-arm_5.2.4\lib\</path>
         <kind>archive</kind>
         <file>rtsv7M4_T_le_v4SPD16_eabi.lib</file>
         <name>ull_div_t2.obj</name>
      </input_file>
      <input_file id="fl-15c">
         <path>C:\ti\ccsv6\tools\compiler\ti-cgt-arm_5.2.4\lib\</path>
         <kind>archive</kind>
         <file>rtsv7M4_T_le_v4SPD16_eabi.lib</file>
         <name>xdclass.obj</name>
      </input_file>
      <input_file id="fl-15d">
         <path>C:\ti\ccsv6\tools\compiler\ti-cgt-arm_5.2.4\lib\</path>
         <kind>archive</kind>
         <file>rtsv7M4_T_le_v4SPD16_eabi.lib</file>
         <name>xdscale.obj</name>
      </input_file>
      <input_file id="fl-15e">
         <path>C:\ti\ccsv6\tools\compiler\ti-cgt-arm_5.2.4\lib\</path>
         <kind>archive</kind>
         <file>rtsv7M4_T_le_v4SPD16_eabi.lib</file>
         <name>xdunscal.obj</name>
      </input_file>
      <input_file id="fl-15f">
         <path>C:\ti\ccsv6\tools\compiler\ti-cgt-arm_5.2.4\lib\</path>
         <kind>archive</kind>
         <file>rtsv7M4_T_le_v4SPD16_eabi.lib</file>
         <name>xferaise.obj</name>
      </input_file>
      <input_file id="fl-160">
         <path>C:\ti\ccsv6\tools\compiler\ti-cgt-arm_5.2.4\lib\</path>
         <kind>archive</kind>
         <file>rtsv7M4_T_le_v4SPD16_eabi.lib</file>
         <name>xvalues.obj</name>
      </input_file>
      <input_file id="fl-161">
         <path>C:\ti\ccsv6\tools\compiler\ti-cgt-arm_5.2.4\lib\</path>
         <kind>archive</kind>
         <file>rtsv7M4_T_le_v4SPD16_eabi.lib</file>
         <name>_io_perm.obj</name>
      </input_file>
      <input_file id="fl-162">
         <path>C:\ti\ccsv6\tools\compiler\ti-cgt-arm_5.2.4\lib\</path>
         <kind>archive</kind>
         <file>rtsv7M4_T_le_v4SPD16_eabi.lib</file>
         <name>errno.obj</name>
      </input_file>
      <input_file id="fl-163">
         <path>C:\ti\ccsv6\tools\compiler\ti-cgt-arm_5.2.4\lib\</path>
         <kind>archive</kind>
         <file>rtsv7M4_T_le_v4SPD16_eabi.lib</file>
         <name>feraiseexcept.obj</name>
      </input_file>
      <input_file id="fl-164">
         <path>C:\ti\ccsv6\tools\compiler\ti-cgt-arm_5.2.4\lib\</path>
         <kind>archive</kind>
         <file>rtsv7M4_T_le_v4SPD16_eabi.lib</file>
         <name>fseek.obj</name>
      </input_file>
      <input_file id="fl-165">
         <path>C:\ti\ccsv6\tools\compiler\ti-cgt-arm_5.2.4\lib\</path>
         <kind>archive</kind>
         <file>rtsv7M4_T_le_v4SPD16_eabi.lib</file>
         <name>raise.obj</name>
      </input_file>
      <input_file id="fl-166">
         <path>C:\ti\ccsv6\tools\compiler\ti-cgt-arm_5.2.4\lib\</path>
         <kind>archive</kind>
         <file>rtsv7M4_T_le_v4SPD16_eabi.lib</file>
         <name>signal.obj</name>
      </input_file>
      <input_file id="fl-167">
         <path>C:\ti\ccsv6\tools\compiler\ti-cgt-arm_5.2.4\lib\</path>
         <kind>archive</kind>
         <file>rtsv7M4_T_le_v4SPD16_eabi.lib</file>
         <name>xdnorm.obj</name>
      </input_file>
   </input_file_list>
   <object_component_list>
      <object_component id="oc-f">
         <name>.intvecs</name>
         <load_address>0x0</load_address>
         <run_address>0x0</run_address>
         <size>0x26c</size>
         <input_file_ref idref="fl-7"/>
      </object_component>
      <object_component id="oc-17b">
         <name>.text</name>
         <load_address>0x26c</load_address>
         <run_address>0x26c</run_address>
         <size>0x10ba</size>
         <input_file_ref idref="fl-145"/>
      </object_component>
      <object_component id="oc-39">
         <name>.text</name>
         <load_address>0x1328</load_address>
         <run_address>0x1328</run_address>
         <size>0xd44</size>
         <input_file_ref idref="fl-4"/>
      </object_component>
      <object_component id="oc-33">
         <name>.text</name>
         <load_address>0x206c</load_address>
         <run_address>0x206c</run_address>
         <size>0x6d0</size>
         <input_file_ref idref="fl-3"/>
      </object_component>
      <object_component id="oc-15b">
         <name>.text</name>
         <load_address>0x273c</load_address>
         <run_address>0x273c</run_address>
         <size>0x3dc</size>
         <input_file_ref idref="fl-159"/>
      </object_component>
      <object_component id="oc-94">
         <name>.text</name>
         <load_address>0x2b18</load_address>
         <run_address>0x2b18</run_address>
         <size>0x30c</size>
         <input_file_ref idref="fl-134"/>
      </object_component>
      <object_component id="oc-1cb">
         <name>.text</name>
         <load_address>0x2e24</load_address>
         <run_address>0x2e24</run_address>
         <size>0x2d4</size>
         <input_file_ref idref="fl-142"/>
      </object_component>
      <object_component id="oc-20b">
         <name>.text</name>
         <load_address>0x30f8</load_address>
         <run_address>0x30f8</run_address>
         <size>0x1f4</size>
         <input_file_ref idref="fl-15b"/>
      </object_component>
      <object_component id="oc-9a">
         <name>.text</name>
         <load_address>0x32ec</load_address>
         <run_address>0x32ec</run_address>
         <size>0x1c4</size>
         <input_file_ref idref="fl-133"/>
      </object_component>
      <object_component id="oc-234">
         <name>.text</name>
         <load_address>0x34b0</load_address>
         <run_address>0x34b0</run_address>
         <size>0x1b6</size>
         <input_file_ref idref="fl-14c"/>
      </object_component>
      <object_component id="oc-21a">
         <name>.text</name>
         <load_address>0x3666</load_address>
         <run_address>0x3666</run_address>
         <size>0x136</size>
         <input_file_ref idref="fl-14e"/>
      </object_component>
      <object_component id="oc-175">
         <name>.text</name>
         <load_address>0x379c</load_address>
         <run_address>0x379c</run_address>
         <size>0x134</size>
         <input_file_ref idref="fl-152"/>
      </object_component>
      <object_component id="oc-10d">
         <name>.text</name>
         <load_address>0x38d0</load_address>
         <run_address>0x38d0</run_address>
         <size>0x128</size>
         <input_file_ref idref="fl-5"/>
      </object_component>
      <object_component id="oc-2d">
         <name>.text</name>
         <load_address>0x39f8</load_address>
         <run_address>0x39f8</run_address>
         <size>0x112</size>
         <input_file_ref idref="fl-7"/>
      </object_component>
      <object_component id="oc-2b5">
         <name>.text</name>
         <load_address>0x3b0c</load_address>
         <run_address>0x3b0c</run_address>
         <size>0x110</size>
         <input_file_ref idref="fl-15d"/>
      </object_component>
      <object_component id="oc-215">
         <name>.text</name>
         <load_address>0x3c1c</load_address>
         <run_address>0x3c1c</run_address>
         <size>0xfc</size>
         <input_file_ref idref="fl-14f"/>
      </object_component>
      <object_component id="oc-1a6">
         <name>.text</name>
         <load_address>0x3d18</load_address>
         <run_address>0x3d18</run_address>
         <size>0xe0</size>
         <input_file_ref idref="fl-2"/>
      </object_component>
      <object_component id="oc-a0">
         <name>.text</name>
         <load_address>0x3df8</load_address>
         <run_address>0x3df8</run_address>
         <size>0xdc</size>
         <input_file_ref idref="fl-139"/>
      </object_component>
      <object_component id="oc-1df">
         <name>.text</name>
         <load_address>0x3ed4</load_address>
         <run_address>0x3ed4</run_address>
         <size>0xc8</size>
         <input_file_ref idref="fl-151"/>
      </object_component>
      <object_component id="oc-2e6">
         <name>.text</name>
         <load_address>0x3f9c</load_address>
         <run_address>0x3f9c</run_address>
         <size>0xbe</size>
         <input_file_ref idref="fl-167"/>
      </object_component>
      <object_component id="oc-1fd">
         <name>.text</name>
         <load_address>0x405a</load_address>
         <run_address>0x405a</run_address>
         <size>0xac</size>
         <input_file_ref idref="fl-161"/>
      </object_component>
      <object_component id="oc-42">
         <name>.text</name>
         <load_address>0x4106</load_address>
         <run_address>0x4106</run_address>
         <size>0x9c</size>
         <input_file_ref idref="fl-135"/>
      </object_component>
      <object_component id="oc-14f">
         <name>.text</name>
         <load_address>0x41a4</load_address>
         <run_address>0x41a4</run_address>
         <size>0x98</size>
         <input_file_ref idref="fl-14b"/>
      </object_component>
      <object_component id="oc-1a0">
         <name>.text</name>
         <load_address>0x423c</load_address>
         <run_address>0x423c</run_address>
         <size>0x88</size>
         <input_file_ref idref="fl-6"/>
      </object_component>
      <object_component id="oc-210">
         <name>.text:__aeabi_cdcmple</name>
         <load_address>0x42c4</load_address>
         <run_address>0x42c4</run_address>
         <size>0x86</size>
         <input_file_ref idref="fl-14d"/>
      </object_component>
      <object_component id="oc-21f">
         <name>.text:__aeabi_cdrcmple</name>
         <load_address>0x434a</load_address>
         <run_address>0x434a</run_address>
         <size>0x86</size>
         <input_file_ref idref="fl-14d"/>
      </object_component>
      <object_component id="oc-5b">
         <name>.text</name>
         <load_address>0x43d0</load_address>
         <run_address>0x43d0</run_address>
         <size>0x7a</size>
         <input_file_ref idref="fl-136"/>
      </object_component>
      <object_component id="oc-cb">
         <name>.text</name>
         <load_address>0x444c</load_address>
         <run_address>0x444c</run_address>
         <size>0x70</size>
         <input_file_ref idref="fl-138"/>
      </object_component>
      <object_component id="oc-6d">
         <name>.text</name>
         <load_address>0x44bc</load_address>
         <run_address>0x44bc</run_address>
         <size>0x6c</size>
         <input_file_ref idref="fl-148"/>
      </object_component>
      <object_component id="oc-4e">
         <name>.text</name>
         <load_address>0x4528</load_address>
         <run_address>0x4528</run_address>
         <size>0x6a</size>
         <input_file_ref idref="fl-12f"/>
      </object_component>
      <object_component id="oc-280">
         <name>.text</name>
         <load_address>0x4594</load_address>
         <run_address>0x4594</run_address>
         <size>0x68</size>
         <input_file_ref idref="fl-143"/>
      </object_component>
      <object_component id="oc-2ad">
         <name>.text</name>
         <load_address>0x45fc</load_address>
         <run_address>0x45fc</run_address>
         <size>0x66</size>
         <input_file_ref idref="fl-15e"/>
      </object_component>
      <object_component id="oc-297">
         <name>.text</name>
         <load_address>0x4664</load_address>
         <run_address>0x4664</run_address>
         <size>0x64</size>
         <input_file_ref idref="fl-164"/>
      </object_component>
      <object_component id="oc-d1">
         <name>.text</name>
         <load_address>0x46c8</load_address>
         <run_address>0x46c8</run_address>
         <size>0x60</size>
         <input_file_ref idref="fl-13a"/>
      </object_component>
      <object_component id="oc-229">
         <name>.text</name>
         <load_address>0x4728</load_address>
         <run_address>0x4728</run_address>
         <size>0x56</size>
         <input_file_ref idref="fl-156"/>
      </object_component>
      <object_component id="oc-23f">
         <name>.text</name>
         <load_address>0x477e</load_address>
         <run_address>0x477e</run_address>
         <size>0x52</size>
         <input_file_ref idref="fl-155"/>
      </object_component>
      <object_component id="oc-24">
         <name>.text</name>
         <load_address>0x47d0</load_address>
         <run_address>0x47d0</run_address>
         <size>0x50</size>
         <input_file_ref idref="fl-12d"/>
      </object_component>
      <object_component id="oc-251">
         <name>.text</name>
         <load_address>0x4820</load_address>
         <run_address>0x4820</run_address>
         <size>0x4c</size>
         <input_file_ref idref="fl-147"/>
      </object_component>
      <object_component id="oc-105">
         <name>.text</name>
         <load_address>0x486c</load_address>
         <run_address>0x486c</run_address>
         <size>0x4c</size>
         <input_file_ref idref="fl-149"/>
      </object_component>
      <object_component id="oc-224">
         <name>.text</name>
         <load_address>0x48b8</load_address>
         <run_address>0x48b8</run_address>
         <size>0x48</size>
         <input_file_ref idref="fl-150"/>
      </object_component>
      <object_component id="oc-79">
         <name>.text</name>
         <load_address>0x4900</load_address>
         <run_address>0x4900</run_address>
         <size>0x44</size>
         <input_file_ref idref="fl-132"/>
      </object_component>
      <object_component id="oc-32d">
         <name>.text</name>
         <load_address>0x4944</load_address>
         <run_address>0x4944</run_address>
         <size>0x40</size>
         <input_file_ref idref="fl-166"/>
      </object_component>
      <object_component id="oc-2f5">
         <name>.text</name>
         <load_address>0x4984</load_address>
         <run_address>0x4984</run_address>
         <size>0x34</size>
         <input_file_ref idref="fl-163"/>
      </object_component>
      <object_component id="oc-e0">
         <name>.text</name>
         <load_address>0x49b8</load_address>
         <run_address>0x49b8</run_address>
         <size>0x34</size>
         <input_file_ref idref="fl-141"/>
      </object_component>
      <object_component id="oc-143">
         <name>.text</name>
         <load_address>0x49ec</load_address>
         <run_address>0x49ec</run_address>
         <size>0x30</size>
         <input_file_ref idref="fl-140"/>
      </object_component>
      <object_component id="oc-245">
         <name>.text</name>
         <load_address>0x4a1c</load_address>
         <run_address>0x4a1c</run_address>
         <size>0x30</size>
         <input_file_ref idref="fl-15c"/>
      </object_component>
      <object_component id="oc-2bb">
         <name>.text</name>
         <load_address>0x4a4c</load_address>
         <run_address>0x4a4c</run_address>
         <size>0x30</size>
         <input_file_ref idref="fl-15f"/>
      </object_component>
      <object_component id="oc-22f">
         <name>.text</name>
         <load_address>0x4a7c</load_address>
         <run_address>0x4a7c</run_address>
         <size>0x2e</size>
         <input_file_ref idref="fl-154"/>
      </object_component>
      <object_component id="oc-31d">
         <name>.text</name>
         <load_address>0x4aaa</load_address>
         <run_address>0x4aaa</run_address>
         <size>0x2e</size>
         <input_file_ref idref="fl-165"/>
      </object_component>
      <object_component id="oc-239">
         <name>.text</name>
         <load_address>0x4ad8</load_address>
         <run_address>0x4ad8</run_address>
         <size>0x2a</size>
         <input_file_ref idref="fl-153"/>
      </object_component>
      <object_component id="oc-203">
         <name>.text</name>
         <load_address>0x4b02</load_address>
         <run_address>0x4b02</run_address>
         <size>0x20</size>
         <input_file_ref idref="fl-158"/>
      </object_component>
      <object_component id="oc-24b">
         <name>.text</name>
         <load_address>0x4b22</load_address>
         <run_address>0x4b22</run_address>
         <size>0x1c</size>
         <input_file_ref idref="fl-157"/>
      </object_component>
      <object_component id="oc-73">
         <name>.text</name>
         <load_address>0x4b40</load_address>
         <run_address>0x4b40</run_address>
         <size>0x18</size>
         <input_file_ref idref="fl-146"/>
      </object_component>
      <object_component id="oc-137">
         <name>.text</name>
         <load_address>0x4b58</load_address>
         <run_address>0x4b58</run_address>
         <size>0x18</size>
         <input_file_ref idref="fl-13d"/>
      </object_component>
      <object_component id="oc-13d">
         <name>.text</name>
         <load_address>0x4b70</load_address>
         <run_address>0x4b70</run_address>
         <size>0x16</size>
         <input_file_ref idref="fl-13c"/>
      </object_component>
      <object_component id="oc-1b7">
         <name>.text</name>
         <load_address>0x4b88</load_address>
         <run_address>0x4b88</run_address>
         <size>0x14</size>
         <input_file_ref idref="fl-144"/>
      </object_component>
      <object_component id="oc-b9">
         <name>.text</name>
         <load_address>0x4b9c</load_address>
         <run_address>0x4b9c</run_address>
         <size>0x14</size>
         <input_file_ref idref="fl-13e"/>
      </object_component>
      <object_component id="oc-da">
         <name>.text</name>
         <load_address>0x4bb0</load_address>
         <run_address>0x4bb0</run_address>
         <size>0x14</size>
         <input_file_ref idref="fl-13f"/>
      </object_component>
      <object_component id="oc-12">
         <name>.text:decompress:none</name>
         <load_address>0x4bc4</load_address>
         <run_address>0x4bc4</run_address>
         <size>0xe</size>
         <input_file_ref idref="fl-12e"/>
      </object_component>
      <object_component id="oc-1e">
         <name>.text:decompress:ZI</name>
         <load_address>0x4bd2</load_address>
         <run_address>0x4bd2</run_address>
         <size>0xc</size>
         <input_file_ref idref="fl-130"/>
      </object_component>
      <object_component id="oc-18">
         <name>.text:decompress:rle24</name>
         <load_address>0x4bde</load_address>
         <run_address>0x4bde</run_address>
         <size>0x6</size>
         <input_file_ref idref="fl-12f"/>
      </object_component>
      <object_component id="oc-67">
         <name>.text</name>
         <load_address>0x4be4</load_address>
         <run_address>0x4be4</run_address>
         <size>0x4</size>
         <input_file_ref idref="fl-137"/>
      </object_component>
      <object_component id="oc-2c7">
         <name>.const:.string:_ctypes_</name>
         <load_address>0x4be8</load_address>
         <run_address>0x4be8</run_address>
         <size>0x101</size>
         <input_file_ref idref="fl-14a"/>
      </object_component>
      <object_component id="oc-e6">
         <name>.const:.string:$P$T0$1</name>
         <load_address>0x4ce9</load_address>
         <run_address>0x4ce9</run_address>
         <size>0x4e</size>
         <input_file_ref idref="fl-4"/>
      </object_component>
      <object_component id="oc-373">
         <name>.cinit..data.load</name>
         <load_address>0x4d38</load_address>
         <run_address>0x4d38</run_address>
         <size>0x134</size>
      </object_component>
      <object_component id="oc-371">
         <name>__TI_handler_table</name>
         <load_address>0x4e6c</load_address>
         <run_address>0x4e6c</run_address>
         <size>0xc</size>
      </object_component>
      <object_component id="oc-374">
         <name>.cinit..bss.load</name>
         <load_address>0x4e78</load_address>
         <run_address>0x4e78</run_address>
         <size>0x8</size>
      </object_component>
      <object_component id="oc-372">
         <name>__TI_cinit_table</name>
         <load_address>0x4e80</load_address>
         <run_address>0x4e80</run_address>
         <size>0x10</size>
      </object_component>
      <object_component id="oc-2a">
         <name>.sysmem</name>
         <uninitialized>true</uninitialized>
         <run_address>0x20001be0</run_address>
         <size>0x8</size>
         <input_file_ref idref="fl-159"/>
      </object_component>
      <object_component id="oc-376">
         <name>.sysmem</name>
         <uninitialized>true</uninitialized>
         <run_address>0x20001be0</run_address>
         <size>0x0</size>
      </object_component>
      <object_component id="oc-29">
         <name>.stack</name>
         <uninitialized>true</uninitialized>
         <run_address>0x200019e0</run_address>
         <size>0x0</size>
         <input_file_ref idref="fl-12d"/>
      </object_component>
      <object_component id="oc-375">
         <name>.stack</name>
         <uninitialized>true</uninitialized>
         <run_address>0x200019e0</run_address>
         <size>0x0</size>
      </object_component>
      <object_component id="oc-8c">
         <name>.bss:RxFifo</name>
         <uninitialized>true</uninitialized>
         <run_address>0x20000400</run_address>
         <size>0x400</size>
         <input_file_ref idref="fl-3"/>
      </object_component>
      <object_component id="oc-91">
         <name>.bss:TxFifo</name>
         <uninitialized>true</uninitialized>
         <run_address>0x20001000</run_address>
         <size>0x400</size>
         <input_file_ref idref="fl-3"/>
      </object_component>
      <object_component id="oc-c8">
         <name>.bss:RXBuffer</name>
         <uninitialized>true</uninitialized>
         <run_address>0x20000000</run_address>
         <size>0x400</size>
         <input_file_ref idref="fl-4"/>
      </object_component>
      <object_component id="oc-d7">
         <name>.bss:TXBuffer</name>
         <uninitialized>true</uninitialized>
         <run_address>0x20000c00</run_address>
         <size>0x400</size>
         <input_file_ref idref="fl-4"/>
      </object_component>
      <object_component id="oc-c5">
         <name>.bss:ServerResponseBuffer</name>
         <uninitialized>true</uninitialized>
         <run_address>0x20000800</run_address>
         <size>0x400</size>
         <input_file_ref idref="fl-4"/>
      </object_component>
      <object_component id="oc-1e5">
         <name>.bss:__TI_tmpnams</name>
         <uninitialized>true</uninitialized>
         <run_address>0x20001520</run_address>
         <size>0xa0</size>
         <input_file_ref idref="fl-131"/>
      </object_component>
      <object_component id="oc-2d5">
         <name>.bss:__CIOBUF_</name>
         <uninitialized>true</uninitialized>
         <run_address>0x20001400</run_address>
         <size>0x120</size>
         <input_file_ref idref="fl-143"/>
      </object_component>
      <object_component id="oc-88">
         <name>.common:RxPutI</name>
         <uninitialized>true</uninitialized>
         <run_address>0x200015ec</run_address>
         <size>0x4</size>
      </object_component>
      <object_component id="oc-8b">
         <name>.common:RxGetI</name>
         <uninitialized>true</uninitialized>
         <run_address>0x200015e8</run_address>
         <size>0x4</size>
      </object_component>
      <object_component id="oc-8f">
         <name>.common:TxPutI</name>
         <uninitialized>true</uninitialized>
         <run_address>0x200015f4</run_address>
         <size>0x4</size>
      </object_component>
      <object_component id="oc-90">
         <name>.common:TxGetI</name>
         <uninitialized>true</uninitialized>
         <run_address>0x200015f0</run_address>
         <size>0x4</size>
      </object_component>
      <object_component id="oc-bf">
         <name>.common:SearchString</name>
         <uninitialized>true</uninitialized>
         <run_address>0x200015c0</run_address>
         <size>0x20</size>
      </object_component>
      <object_component id="oc-286">
         <name>.common:parmbuf</name>
         <uninitialized>true</uninitialized>
         <run_address>0x200015e0</run_address>
         <size>0x8</size>
      </object_component>
      <object_component id="oc-c2">
         <name>.data</name>
         <load_address>0x20001960</load_address>
         <run_address>0x20001960</run_address>
         <size>0x40</size>
         <input_file_ref idref="fl-4"/>
      </object_component>
      <object_component id="oc-1ac">
         <name>.data:Fetch</name>
         <load_address>0x200018e8</load_address>
         <run_address>0x200018e8</run_address>
         <size>0x78</size>
         <input_file_ref idref="fl-5"/>
      </object_component>
      <object_component id="oc-a6">
         <name>.data:_ftable</name>
         <load_address>0x200015f8</load_address>
         <run_address>0x200015f8</run_address>
         <size>0xf0</size>
         <input_file_ref idref="fl-131"/>
      </object_component>
      <object_component id="oc-155">
         <name>.data</name>
         <load_address>0x200019a0</load_address>
         <run_address>0x200019a0</run_address>
         <size>0x10</size>
         <input_file_ref idref="fl-131"/>
      </object_component>
      <object_component id="oc-118">
         <name>.data</name>
         <load_address>0x200019c4</load_address>
         <run_address>0x200019c4</run_address>
         <size>0x8</size>
         <input_file_ref idref="fl-132"/>
      </object_component>
      <object_component id="oc-158">
         <name>.data</name>
         <load_address>0x200019d8</load_address>
         <run_address>0x200019d8</run_address>
         <size>0x4</size>
         <input_file_ref idref="fl-133"/>
      </object_component>
      <object_component id="oc-149">
         <name>.data</name>
         <load_address>0x200016e8</load_address>
         <run_address>0x200016e8</run_address>
         <size>0xd0</size>
         <input_file_ref idref="fl-134"/>
      </object_component>
      <object_component id="oc-7f">
         <name>.data</name>
         <load_address>0x200019dc</load_address>
         <run_address>0x200019dc</run_address>
         <size>0x4</size>
         <input_file_ref idref="fl-13b"/>
      </object_component>
      <object_component id="oc-115">
         <name>.data</name>
         <load_address>0x200019bc</load_address>
         <run_address>0x200019bc</run_address>
         <size>0x8</size>
         <input_file_ref idref="fl-144"/>
      </object_component>
      <object_component id="oc-1f3">
         <name>.data</name>
         <load_address>0x200019b0</load_address>
         <run_address>0x200019b0</run_address>
         <size>0xc</size>
         <input_file_ref idref="fl-159"/>
      </object_component>
      <object_component id="oc-2f0">
         <name>.data</name>
         <load_address>0x20001868</load_address>
         <run_address>0x20001868</run_address>
         <size>0x80</size>
         <input_file_ref idref="fl-160"/>
      </object_component>
      <object_component id="oc-2fb">
         <name>.data</name>
         <load_address>0x200019d4</load_address>
         <run_address>0x200019d4</run_address>
         <size>0x4</size>
         <input_file_ref idref="fl-162"/>
      </object_component>
      <object_component id="oc-323">
         <name>.data</name>
         <load_address>0x200019cc</load_address>
         <run_address>0x200019cc</run_address>
         <size>0x8</size>
         <input_file_ref idref="fl-163"/>
      </object_component>
      <object_component id="oc-33e">
         <name>.data:sigtable</name>
         <load_address>0x200017b8</load_address>
         <run_address>0x200017b8</run_address>
         <size>0xb0</size>
         <input_file_ref idref="fl-166"/>
      </object_component>
      <object_component id="oc-1a7">
         <name>.debug_info</name>
         <load_address>0x0</load_address>
         <run_address>0x0</run_address>
         <size>0x34c</size>
         <input_file_ref idref="fl-2"/>
      </object_component>
      <object_component id="oc-aa">
         <name>.debug_info</name>
         <load_address>0x34c</load_address>
         <run_address>0x34c</run_address>
         <size>0x84</size>
         <input_file_ref idref="fl-2"/>
      </object_component>
      <object_component id="oc-af">
         <name>.debug_info</name>
         <load_address>0x3d0</load_address>
         <run_address>0x3d0</run_address>
         <size>0x18b</size>
         <input_file_ref idref="fl-2"/>
      </object_component>
      <object_component id="oc-89">
         <name>.debug_info</name>
         <load_address>0x55b</load_address>
         <run_address>0x55b</run_address>
         <size>0x37b</size>
         <input_file_ref idref="fl-3"/>
      </object_component>
      <object_component id="oc-8d">
         <name>.debug_info</name>
         <load_address>0x8d6</load_address>
         <run_address>0x8d6</run_address>
         <size>0xd6</size>
         <input_file_ref idref="fl-3"/>
      </object_component>
      <object_component id="oc-92">
         <name>.debug_info</name>
         <load_address>0x9ac</load_address>
         <run_address>0x9ac</run_address>
         <size>0xd6</size>
         <input_file_ref idref="fl-3"/>
      </object_component>
      <object_component id="oc-34">
         <name>.debug_info</name>
         <load_address>0xa82</load_address>
         <run_address>0xa82</run_address>
         <size>0x13ba</size>
         <input_file_ref idref="fl-3"/>
      </object_component>
      <object_component id="oc-12e">
         <name>.debug_info</name>
         <load_address>0x1e3c</load_address>
         <run_address>0x1e3c</run_address>
         <size>0xc8</size>
         <input_file_ref idref="fl-3"/>
      </object_component>
      <object_component id="oc-b4">
         <name>.debug_info</name>
         <load_address>0x1f04</load_address>
         <run_address>0x1f04</run_address>
         <size>0x2c</size>
         <input_file_ref idref="fl-3"/>
      </object_component>
      <object_component id="oc-183">
         <name>.debug_info</name>
         <load_address>0x1f30</load_address>
         <run_address>0x1f30</run_address>
         <size>0x4e</size>
         <input_file_ref idref="fl-3"/>
      </object_component>
      <object_component id="oc-c0">
         <name>.debug_info</name>
         <load_address>0x1f7e</load_address>
         <run_address>0x1f7e</run_address>
         <size>0x2e3</size>
         <input_file_ref idref="fl-4"/>
      </object_component>
      <object_component id="oc-c3">
         <name>.debug_info</name>
         <load_address>0x2261</load_address>
         <run_address>0x2261</run_address>
         <size>0x56c</size>
         <input_file_ref idref="fl-4"/>
      </object_component>
      <object_component id="oc-c9">
         <name>.debug_info</name>
         <load_address>0x27cd</load_address>
         <run_address>0x27cd</run_address>
         <size>0xde</size>
         <input_file_ref idref="fl-4"/>
      </object_component>
      <object_component id="oc-d8">
         <name>.debug_info</name>
         <load_address>0x28ab</load_address>
         <run_address>0x28ab</run_address>
         <size>0xde</size>
         <input_file_ref idref="fl-4"/>
      </object_component>
      <object_component id="oc-c6">
         <name>.debug_info</name>
         <load_address>0x2989</load_address>
         <run_address>0x2989</run_address>
         <size>0xf6</size>
         <input_file_ref idref="fl-4"/>
      </object_component>
      <object_component id="oc-e7">
         <name>.debug_info</name>
         <load_address>0x2a7f</load_address>
         <run_address>0x2a7f</run_address>
         <size>0xdc</size>
         <input_file_ref idref="fl-4"/>
      </object_component>
      <object_component id="oc-3a">
         <name>.debug_info</name>
         <load_address>0x2b5b</load_address>
         <run_address>0x2b5b</run_address>
         <size>0x1bdf</size>
         <input_file_ref idref="fl-4"/>
      </object_component>
      <object_component id="oc-ea">
         <name>.debug_info</name>
         <load_address>0x473a</load_address>
         <run_address>0x473a</run_address>
         <size>0x8b</size>
         <input_file_ref idref="fl-4"/>
      </object_component>
      <object_component id="oc-276">
         <name>.debug_info</name>
         <load_address>0x47c5</load_address>
         <run_address>0x47c5</run_address>
         <size>0x4e1</size>
         <input_file_ref idref="fl-5"/>
      </object_component>
      <object_component id="oc-1ad">
         <name>.debug_info</name>
         <load_address>0x4ca6</load_address>
         <run_address>0x4ca6</run_address>
         <size>0xd5</size>
         <input_file_ref idref="fl-5"/>
      </object_component>
      <object_component id="oc-10e">
         <name>.debug_info</name>
         <load_address>0x4d7b</load_address>
         <run_address>0x4d7b</run_address>
         <size>0x39b</size>
         <input_file_ref idref="fl-5"/>
      </object_component>
      <object_component id="oc-1a1">
         <name>.debug_info</name>
         <load_address>0x5116</load_address>
         <run_address>0x5116</run_address>
         <size>0x125</size>
         <input_file_ref idref="fl-6"/>
      </object_component>
      <object_component id="oc-41">
         <name>.debug_info</name>
         <load_address>0x523b</load_address>
         <run_address>0x523b</run_address>
         <size>0x112</size>
         <input_file_ref idref="fl-7"/>
      </object_component>
      <object_component id="oc-10">
         <name>.debug_info</name>
         <load_address>0x534d</load_address>
         <run_address>0x534d</run_address>
         <size>0xf7</size>
         <input_file_ref idref="fl-7"/>
      </object_component>
      <object_component id="oc-2e">
         <name>.debug_info</name>
         <load_address>0x5444</load_address>
         <run_address>0x5444</run_address>
         <size>0x39d2</size>
         <input_file_ref idref="fl-7"/>
      </object_component>
      <object_component id="oc-25">
         <name>.debug_info</name>
         <load_address>0x8e16</load_address>
         <run_address>0x8e16</run_address>
         <size>0x136</size>
         <input_file_ref idref="fl-12d"/>
      </object_component>
      <object_component id="oc-4d">
         <name>.debug_info</name>
         <load_address>0x8f4c</load_address>
         <run_address>0x8f4c</run_address>
         <size>0x123</size>
         <input_file_ref idref="fl-12e"/>
      </object_component>
      <object_component id="oc-14">
         <name>.debug_info</name>
         <load_address>0x906f</load_address>
         <run_address>0x906f</run_address>
         <size>0x1c2</size>
         <input_file_ref idref="fl-12e"/>
      </object_component>
      <object_component id="oc-48">
         <name>.debug_info</name>
         <load_address>0x9231</load_address>
         <run_address>0x9231</run_address>
         <size>0x46</size>
         <input_file_ref idref="fl-12e"/>
      </object_component>
      <object_component id="oc-f2">
         <name>.debug_info</name>
         <load_address>0x9277</load_address>
         <run_address>0x9277</run_address>
         <size>0x2c</size>
         <input_file_ref idref="fl-12e"/>
      </object_component>
      <object_component id="oc-55">
         <name>.debug_info</name>
         <load_address>0x92a3</load_address>
         <run_address>0x92a3</run_address>
         <size>0x117</size>
         <input_file_ref idref="fl-12f"/>
      </object_component>
      <object_component id="oc-51">
         <name>.debug_info</name>
         <load_address>0x93ba</load_address>
         <run_address>0x93ba</run_address>
         <size>0x22a</size>
         <input_file_ref idref="fl-12f"/>
      </object_component>
      <object_component id="oc-1a">
         <name>.debug_info</name>
         <load_address>0x95e4</load_address>
         <run_address>0x95e4</run_address>
         <size>0x194</size>
         <input_file_ref idref="fl-12f"/>
      </object_component>
      <object_component id="oc-56">
         <name>.debug_info</name>
         <load_address>0x9778</load_address>
         <run_address>0x9778</run_address>
         <size>0x39</size>
         <input_file_ref idref="fl-12f"/>
      </object_component>
      <object_component id="oc-fc">
         <name>.debug_info</name>
         <load_address>0x97b1</load_address>
         <run_address>0x97b1</run_address>
         <size>0x2c</size>
         <input_file_ref idref="fl-12f"/>
      </object_component>
      <object_component id="oc-66">
         <name>.debug_info</name>
         <load_address>0x97dd</load_address>
         <run_address>0x97dd</run_address>
         <size>0x112</size>
         <input_file_ref idref="fl-130"/>
      </object_component>
      <object_component id="oc-1f">
         <name>.debug_info</name>
         <load_address>0x98ef</load_address>
         <run_address>0x98ef</run_address>
         <size>0x18d</size>
         <input_file_ref idref="fl-130"/>
      </object_component>
      <object_component id="oc-61">
         <name>.debug_info</name>
         <load_address>0x9a7c</load_address>
         <run_address>0x9a7c</run_address>
         <size>0x46</size>
         <input_file_ref idref="fl-130"/>
      </object_component>
      <object_component id="oc-16a">
         <name>.debug_info</name>
         <load_address>0x9ac2</load_address>
         <run_address>0x9ac2</run_address>
         <size>0xf3</size>
         <input_file_ref idref="fl-131"/>
      </object_component>
      <object_component id="oc-a7">
         <name>.debug_info</name>
         <load_address>0x9bb5</load_address>
         <run_address>0x9bb5</run_address>
         <size>0xda</size>
         <input_file_ref idref="fl-131"/>
      </object_component>
      <object_component id="oc-1e6">
         <name>.debug_info</name>
         <load_address>0x9c8f</load_address>
         <run_address>0x9c8f</run_address>
         <size>0xe4</size>
         <input_file_ref idref="fl-131"/>
      </object_component>
      <object_component id="oc-156">
         <name>.debug_info</name>
         <load_address>0x9d73</load_address>
         <run_address>0x9d73</run_address>
         <size>0x167</size>
         <input_file_ref idref="fl-131"/>
      </object_component>
      <object_component id="oc-1ee">
         <name>.debug_info</name>
         <load_address>0x9eda</load_address>
         <run_address>0x9eda</run_address>
         <size>0xae</size>
         <input_file_ref idref="fl-131"/>
      </object_component>
      <object_component id="oc-11c">
         <name>.debug_info</name>
         <load_address>0x9f88</load_address>
         <run_address>0x9f88</run_address>
         <size>0x174</size>
         <input_file_ref idref="fl-132"/>
      </object_component>
      <object_component id="oc-119">
         <name>.debug_info</name>
         <load_address>0xa0fc</load_address>
         <run_address>0xa0fc</run_address>
         <size>0x119</size>
         <input_file_ref idref="fl-132"/>
      </object_component>
      <object_component id="oc-7a">
         <name>.debug_info</name>
         <load_address>0xa215</load_address>
         <run_address>0xa215</run_address>
         <size>0x1f0</size>
         <input_file_ref idref="fl-132"/>
      </object_component>
      <object_component id="oc-15a">
         <name>.debug_info</name>
         <load_address>0xa405</load_address>
         <run_address>0xa405</run_address>
         <size>0x21f</size>
         <input_file_ref idref="fl-133"/>
      </object_component>
      <object_component id="oc-9b">
         <name>.debug_info</name>
         <load_address>0xa624</load_address>
         <run_address>0xa624</run_address>
         <size>0x438</size>
         <input_file_ref idref="fl-133"/>
      </object_component>
      <object_component id="oc-122">
         <name>.debug_info</name>
         <load_address>0xaa5c</load_address>
         <run_address>0xaa5c</run_address>
         <size>0x2c</size>
         <input_file_ref idref="fl-133"/>
      </object_component>
      <object_component id="oc-14d">
         <name>.debug_info</name>
         <load_address>0xaa88</load_address>
         <run_address>0xaa88</run_address>
         <size>0x483</size>
         <input_file_ref idref="fl-134"/>
      </object_component>
      <object_component id="oc-14a">
         <name>.debug_info</name>
         <load_address>0xaf0b</load_address>
         <run_address>0xaf0b</run_address>
         <size>0xf9</size>
         <input_file_ref idref="fl-134"/>
      </object_component>
      <object_component id="oc-96">
         <name>.debug_info</name>
         <load_address>0xb004</load_address>
         <run_address>0xb004</run_address>
         <size>0xaee</size>
         <input_file_ref idref="fl-134"/>
      </object_component>
      <object_component id="oc-1da">
         <name>.debug_info</name>
         <load_address>0xbaf2</load_address>
         <run_address>0xbaf2</run_address>
         <size>0x120</size>
         <input_file_ref idref="fl-134"/>
      </object_component>
      <object_component id="oc-1d5">
         <name>.debug_info</name>
         <load_address>0xbc12</load_address>
         <run_address>0xbc12</run_address>
         <size>0x2c</size>
         <input_file_ref idref="fl-134"/>
      </object_component>
      <object_component id="oc-43">
         <name>.debug_info</name>
         <load_address>0xbc3e</load_address>
         <run_address>0xbc3e</run_address>
         <size>0xf8</size>
         <input_file_ref idref="fl-135"/>
      </object_component>
      <object_component id="oc-5c">
         <name>.debug_info</name>
         <load_address>0xbd36</load_address>
         <run_address>0xbd36</run_address>
         <size>0x126</size>
         <input_file_ref idref="fl-136"/>
      </object_component>
      <object_component id="oc-6b">
         <name>.debug_info</name>
         <load_address>0xbe5c</load_address>
         <run_address>0xbe5c</run_address>
         <size>0x12b</size>
         <input_file_ref idref="fl-137"/>
      </object_component>
      <object_component id="oc-182">
         <name>.debug_info</name>
         <load_address>0xbf87</load_address>
         <run_address>0xbf87</run_address>
         <size>0x20f</size>
         <input_file_ref idref="fl-138"/>
      </object_component>
      <object_component id="oc-cc">
         <name>.debug_info</name>
         <load_address>0xc196</load_address>
         <run_address>0xc196</run_address>
         <size>0x267</size>
         <input_file_ref idref="fl-138"/>
      </object_component>
      <object_component id="oc-162">
         <name>.debug_info</name>
         <load_address>0xc3fd</load_address>
         <run_address>0xc3fd</run_address>
         <size>0x1a3</size>
         <input_file_ref idref="fl-139"/>
      </object_component>
      <object_component id="oc-a1">
         <name>.debug_info</name>
         <load_address>0xc5a0</load_address>
         <run_address>0xc5a0</run_address>
         <size>0x1e3</size>
         <input_file_ref idref="fl-139"/>
      </object_component>
      <object_component id="oc-163">
         <name>.debug_info</name>
         <load_address>0xc783</load_address>
         <run_address>0xc783</run_address>
         <size>0xbb</size>
         <input_file_ref idref="fl-139"/>
      </object_component>
      <object_component id="oc-189">
         <name>.debug_info</name>
         <load_address>0xc83e</load_address>
         <run_address>0xc83e</run_address>
         <size>0x19e</size>
         <input_file_ref idref="fl-13a"/>
      </object_component>
      <object_component id="oc-d2">
         <name>.debug_info</name>
         <load_address>0xc9dc</load_address>
         <run_address>0xc9dc</run_address>
         <size>0x2c7</size>
         <input_file_ref idref="fl-13a"/>
      </object_component>
      <object_component id="oc-80">
         <name>.debug_info</name>
         <load_address>0xcca3</load_address>
         <run_address>0xcca3</run_address>
         <size>0xec</size>
         <input_file_ref idref="fl-13b"/>
      </object_component>
      <object_component id="oc-1c8">
         <name>.debug_info</name>
         <load_address>0xcd8f</load_address>
         <run_address>0xcd8f</run_address>
         <size>0xd8</size>
         <input_file_ref idref="fl-13c"/>
      </object_component>
      <object_component id="oc-13e">
         <name>.debug_info</name>
         <load_address>0xce67</load_address>
         <run_address>0xce67</run_address>
         <size>0x1f7</size>
         <input_file_ref idref="fl-13c"/>
      </object_component>
      <object_component id="oc-1c6">
         <name>.debug_info</name>
         <load_address>0xd05e</load_address>
         <run_address>0xd05e</run_address>
         <size>0xc8</size>
         <input_file_ref idref="fl-13d"/>
      </object_component>
      <object_component id="oc-138">
         <name>.debug_info</name>
         <load_address>0xd126</load_address>
         <run_address>0xd126</run_address>
         <size>0x20b</size>
         <input_file_ref idref="fl-13d"/>
      </object_component>
      <object_component id="oc-16c">
         <name>.debug_info</name>
         <load_address>0xd331</load_address>
         <run_address>0xd331</run_address>
         <size>0xd3</size>
         <input_file_ref idref="fl-13e"/>
      </object_component>
      <object_component id="oc-ba">
         <name>.debug_info</name>
         <load_address>0xd404</load_address>
         <run_address>0xd404</run_address>
         <size>0x1e4</size>
         <input_file_ref idref="fl-13e"/>
      </object_component>
      <object_component id="oc-18d">
         <name>.debug_info</name>
         <load_address>0xd5e8</load_address>
         <run_address>0xd5e8</run_address>
         <size>0xcd</size>
         <input_file_ref idref="fl-13f"/>
      </object_component>
      <object_component id="oc-db">
         <name>.debug_info</name>
         <load_address>0xd6b5</load_address>
         <run_address>0xd6b5</run_address>
         <size>0x1dd</size>
         <input_file_ref idref="fl-13f"/>
      </object_component>
      <object_component id="oc-1ca">
         <name>.debug_info</name>
         <load_address>0xd892</load_address>
         <run_address>0xd892</run_address>
         <size>0xd9</size>
         <input_file_ref idref="fl-140"/>
      </object_component>
      <object_component id="oc-146">
         <name>.debug_info</name>
         <load_address>0xd96b</load_address>
         <run_address>0xd96b</run_address>
         <size>0x20c</size>
         <input_file_ref idref="fl-140"/>
      </object_component>
      <object_component id="oc-18f">
         <name>.debug_info</name>
         <load_address>0xdb77</load_address>
         <run_address>0xdb77</run_address>
         <size>0xd3</size>
         <input_file_ref idref="fl-141"/>
      </object_component>
      <object_component id="oc-e2">
         <name>.debug_info</name>
         <load_address>0xdc4a</load_address>
         <run_address>0xdc4a</run_address>
         <size>0x1a9</size>
         <input_file_ref idref="fl-141"/>
      </object_component>
      <object_component id="oc-287">
         <name>.debug_info</name>
         <load_address>0xddf3</load_address>
         <run_address>0xddf3</run_address>
         <size>0x250</size>
         <input_file_ref idref="fl-142"/>
      </object_component>
      <object_component id="oc-1cc">
         <name>.debug_info</name>
         <load_address>0xe043</load_address>
         <run_address>0xe043</run_address>
         <size>0xa10</size>
         <input_file_ref idref="fl-142"/>
      </object_component>
      <object_component id="oc-28a">
         <name>.debug_info</name>
         <load_address>0xea53</load_address>
         <run_address>0xea53</run_address>
         <size>0x39</size>
         <input_file_ref idref="fl-142"/>
      </object_component>
      <object_component id="oc-2d9">
         <name>.debug_info</name>
         <load_address>0xea8c</load_address>
         <run_address>0xea8c</run_address>
         <size>0xf8</size>
         <input_file_ref idref="fl-143"/>
      </object_component>
      <object_component id="oc-2d6">
         <name>.debug_info</name>
         <load_address>0xeb84</load_address>
         <run_address>0xeb84</run_address>
         <size>0xe0</size>
         <input_file_ref idref="fl-143"/>
      </object_component>
      <object_component id="oc-282">
         <name>.debug_info</name>
         <load_address>0xec64</load_address>
         <run_address>0xec64</run_address>
         <size>0x264</size>
         <input_file_ref idref="fl-143"/>
      </object_component>
      <object_component id="oc-1bf">
         <name>.debug_info</name>
         <load_address>0xeec8</load_address>
         <run_address>0xeec8</run_address>
         <size>0x107</size>
         <input_file_ref idref="fl-144"/>
      </object_component>
      <object_component id="oc-116">
         <name>.debug_info</name>
         <load_address>0xefcf</load_address>
         <run_address>0xefcf</run_address>
         <size>0xf6</size>
         <input_file_ref idref="fl-144"/>
      </object_component>
      <object_component id="oc-1b8">
         <name>.debug_info</name>
         <load_address>0xf0c5</load_address>
         <run_address>0xf0c5</run_address>
         <size>0x202</size>
         <input_file_ref idref="fl-144"/>
      </object_component>
      <object_component id="oc-258">
         <name>.debug_info</name>
         <load_address>0xf2c7</load_address>
         <run_address>0xf2c7</run_address>
         <size>0x3a9</size>
         <input_file_ref idref="fl-145"/>
      </object_component>
      <object_component id="oc-17c">
         <name>.debug_info</name>
         <load_address>0xf670</load_address>
         <run_address>0xf670</run_address>
         <size>0x17ec</size>
         <input_file_ref idref="fl-145"/>
      </object_component>
      <object_component id="oc-259">
         <name>.debug_info</name>
         <load_address>0x10e5c</load_address>
         <run_address>0x10e5c</run_address>
         <size>0x86</size>
         <input_file_ref idref="fl-145"/>
      </object_component>
      <object_component id="oc-2ce">
         <name>.debug_info</name>
         <load_address>0x10ee2</load_address>
         <run_address>0x10ee2</run_address>
         <size>0x46</size>
         <input_file_ref idref="fl-145"/>
      </object_component>
      <object_component id="oc-25e">
         <name>.debug_info</name>
         <load_address>0x10f28</load_address>
         <run_address>0x10f28</run_address>
         <size>0x39</size>
         <input_file_ref idref="fl-145"/>
      </object_component>
      <object_component id="oc-114">
         <name>.debug_info</name>
         <load_address>0x10f61</load_address>
         <run_address>0x10f61</run_address>
         <size>0x149</size>
         <input_file_ref idref="fl-146"/>
      </object_component>
      <object_component id="oc-76">
         <name>.debug_info</name>
         <load_address>0x110aa</load_address>
         <run_address>0x110aa</run_address>
         <size>0x14a</size>
         <input_file_ref idref="fl-146"/>
      </object_component>
      <object_component id="oc-1b2">
         <name>.debug_info</name>
         <load_address>0x111f4</load_address>
         <run_address>0x111f4</run_address>
         <size>0x5e</size>
         <input_file_ref idref="fl-146"/>
      </object_component>
      <object_component id="oc-2cb">
         <name>.debug_info</name>
         <load_address>0x11252</load_address>
         <run_address>0x11252</run_address>
         <size>0xf7</size>
         <input_file_ref idref="fl-147"/>
      </object_component>
      <object_component id="oc-252">
         <name>.debug_info</name>
         <load_address>0x11349</load_address>
         <run_address>0x11349</run_address>
         <size>0x154</size>
         <input_file_ref idref="fl-147"/>
      </object_component>
      <object_component id="oc-10c">
         <name>.debug_info</name>
         <load_address>0x1149d</load_address>
         <run_address>0x1149d</run_address>
         <size>0x2a0</size>
         <input_file_ref idref="fl-148"/>
      </object_component>
      <object_component id="oc-6e">
         <name>.debug_info</name>
         <load_address>0x1173d</load_address>
         <run_address>0x1173d</run_address>
         <size>0x15a</size>
         <input_file_ref idref="fl-148"/>
      </object_component>
      <object_component id="oc-196">
         <name>.debug_info</name>
         <load_address>0x11897</load_address>
         <run_address>0x11897</run_address>
         <size>0x39</size>
         <input_file_ref idref="fl-148"/>
      </object_component>
      <object_component id="oc-19b">
         <name>.debug_info</name>
         <load_address>0x118d0</load_address>
         <run_address>0x118d0</run_address>
         <size>0xcd</size>
         <input_file_ref idref="fl-148"/>
      </object_component>
      <object_component id="oc-193">
         <name>.debug_info</name>
         <load_address>0x1199d</load_address>
         <run_address>0x1199d</run_address>
         <size>0x1c3</size>
         <input_file_ref idref="fl-149"/>
      </object_component>
      <object_component id="oc-106">
         <name>.debug_info</name>
         <load_address>0x11b60</load_address>
         <run_address>0x11b60</run_address>
         <size>0x166</size>
         <input_file_ref idref="fl-149"/>
      </object_component>
      <object_component id="oc-26d">
         <name>.debug_info</name>
         <load_address>0x11cc6</load_address>
         <run_address>0x11cc6</run_address>
         <size>0x2c</size>
         <input_file_ref idref="fl-149"/>
      </object_component>
      <object_component id="oc-307">
         <name>.debug_info</name>
         <load_address>0x11cf2</load_address>
         <run_address>0x11cf2</run_address>
         <size>0xd1</size>
         <input_file_ref idref="fl-14a"/>
      </object_component>
      <object_component id="oc-2c8">
         <name>.debug_info</name>
         <load_address>0x11dc3</load_address>
         <run_address>0x11dc3</run_address>
         <size>0xdd</size>
         <input_file_ref idref="fl-14a"/>
      </object_component>
      <object_component id="oc-1e9">
         <name>.debug_info</name>
         <load_address>0x11ea0</load_address>
         <run_address>0x11ea0</run_address>
         <size>0x1e3</size>
         <input_file_ref idref="fl-14b"/>
      </object_component>
      <object_component id="oc-150">
         <name>.debug_info</name>
         <load_address>0x12083</load_address>
         <run_address>0x12083</run_address>
         <size>0x27b</size>
         <input_file_ref idref="fl-14b"/>
      </object_component>
      <object_component id="oc-236">
         <name>.debug_info</name>
         <load_address>0x122fe</load_address>
         <run_address>0x122fe</run_address>
         <size>0x12b</size>
         <input_file_ref idref="fl-14c"/>
      </object_component>
      <object_component id="oc-211">
         <name>.debug_info</name>
         <load_address>0x12429</load_address>
         <run_address>0x12429</run_address>
         <size>0x107</size>
         <input_file_ref idref="fl-14d"/>
      </object_component>
      <object_component id="oc-220">
         <name>.debug_info</name>
         <load_address>0x12530</load_address>
         <run_address>0x12530</run_address>
         <size>0x109</size>
         <input_file_ref idref="fl-14d"/>
      </object_component>
      <object_component id="oc-21b">
         <name>.debug_info</name>
         <load_address>0x12639</load_address>
         <run_address>0x12639</run_address>
         <size>0x119</size>
         <input_file_ref idref="fl-14e"/>
      </object_component>
      <object_component id="oc-216">
         <name>.debug_info</name>
         <load_address>0x12752</load_address>
         <run_address>0x12752</run_address>
         <size>0x119</size>
         <input_file_ref idref="fl-14f"/>
      </object_component>
      <object_component id="oc-225">
         <name>.debug_info</name>
         <load_address>0x1286b</load_address>
         <run_address>0x1286b</run_address>
         <size>0x10d</size>
         <input_file_ref idref="fl-150"/>
      </object_component>
      <object_component id="oc-290">
         <name>.debug_info</name>
         <load_address>0x12978</load_address>
         <run_address>0x12978</run_address>
         <size>0x185</size>
         <input_file_ref idref="fl-151"/>
      </object_component>
      <object_component id="oc-1e0">
         <name>.debug_info</name>
         <load_address>0x12afd</load_address>
         <run_address>0x12afd</run_address>
         <size>0x23d</size>
         <input_file_ref idref="fl-151"/>
      </object_component>
      <object_component id="oc-20a">
         <name>.debug_info</name>
         <load_address>0x12d3a</load_address>
         <run_address>0x12d3a</run_address>
         <size>0x285</size>
         <input_file_ref idref="fl-152"/>
      </object_component>
      <object_component id="oc-176">
         <name>.debug_info</name>
         <load_address>0x12fbf</load_address>
         <run_address>0x12fbf</run_address>
         <size>0x33c</size>
         <input_file_ref idref="fl-152"/>
      </object_component>
      <object_component id="oc-2b4">
         <name>.debug_info</name>
         <load_address>0x132fb</load_address>
         <run_address>0x132fb</run_address>
         <size>0x16f</size>
         <input_file_ref idref="fl-153"/>
      </object_component>
      <object_component id="oc-23b">
         <name>.debug_info</name>
         <load_address>0x1346a</load_address>
         <run_address>0x1346a</run_address>
         <size>0x170</size>
         <input_file_ref idref="fl-153"/>
      </object_component>
      <object_component id="oc-232">
         <name>.debug_info</name>
         <load_address>0x135da</load_address>
         <run_address>0x135da</run_address>
         <size>0x10b</size>
         <input_file_ref idref="fl-154"/>
      </object_component>
      <object_component id="oc-2c2">
         <name>.debug_info</name>
         <load_address>0x136e5</load_address>
         <run_address>0x136e5</run_address>
         <size>0x171</size>
         <input_file_ref idref="fl-155"/>
      </object_component>
      <object_component id="oc-241">
         <name>.debug_info</name>
         <load_address>0x13856</load_address>
         <run_address>0x13856</run_address>
         <size>0x167</size>
         <input_file_ref idref="fl-155"/>
      </object_component>
      <object_component id="oc-2aa">
         <name>.debug_info</name>
         <load_address>0x139bd</load_address>
         <run_address>0x139bd</run_address>
         <size>0x12f</size>
         <input_file_ref idref="fl-156"/>
      </object_component>
      <object_component id="oc-22a">
         <name>.debug_info</name>
         <load_address>0x13aec</load_address>
         <run_address>0x13aec</run_address>
         <size>0x1a5</size>
         <input_file_ref idref="fl-156"/>
      </object_component>
      <object_component id="oc-2c6">
         <name>.debug_info</name>
         <load_address>0x13c91</load_address>
         <run_address>0x13c91</run_address>
         <size>0xd4</size>
         <input_file_ref idref="fl-157"/>
      </object_component>
      <object_component id="oc-24c">
         <name>.debug_info</name>
         <load_address>0x13d65</load_address>
         <run_address>0x13d65</run_address>
         <size>0x18e</size>
         <input_file_ref idref="fl-157"/>
      </object_component>
      <object_component id="oc-2a0">
         <name>.debug_info</name>
         <load_address>0x13ef3</load_address>
         <run_address>0x13ef3</run_address>
         <size>0xe3</size>
         <input_file_ref idref="fl-158"/>
      </object_component>
      <object_component id="oc-204">
         <name>.debug_info</name>
         <load_address>0x13fd6</load_address>
         <run_address>0x13fd6</run_address>
         <size>0x1f5</size>
         <input_file_ref idref="fl-158"/>
      </object_component>
      <object_component id="oc-85">
         <name>.debug_info</name>
         <load_address>0x141cb</load_address>
         <run_address>0x141cb</run_address>
         <size>0x205</size>
         <input_file_ref idref="fl-159"/>
      </object_component>
      <object_component id="oc-2b">
         <name>.debug_info</name>
         <load_address>0x143d0</load_address>
         <run_address>0x143d0</run_address>
         <size>0xe4</size>
         <input_file_ref idref="fl-159"/>
      </object_component>
      <object_component id="oc-1f4">
         <name>.debug_info</name>
         <load_address>0x144b4</load_address>
         <run_address>0x144b4</run_address>
         <size>0x12f</size>
         <input_file_ref idref="fl-159"/>
      </object_component>
      <object_component id="oc-15c">
         <name>.debug_info</name>
         <load_address>0x145e3</load_address>
         <run_address>0x145e3</run_address>
         <size>0x86e</size>
         <input_file_ref idref="fl-159"/>
      </object_component>
      <object_component id="oc-127">
         <name>.debug_info</name>
         <load_address>0x14e51</load_address>
         <run_address>0x14e51</run_address>
         <size>0x62</size>
         <input_file_ref idref="fl-159"/>
      </object_component>
      <object_component id="oc-20d">
         <name>.debug_info</name>
         <load_address>0x14eb3</load_address>
         <run_address>0x14eb3</run_address>
         <size>0x164</size>
         <input_file_ref idref="fl-15b"/>
      </object_component>
      <object_component id="oc-2c4">
         <name>.debug_info</name>
         <load_address>0x15017</load_address>
         <run_address>0x15017</run_address>
         <size>0x122</size>
         <input_file_ref idref="fl-15c"/>
      </object_component>
      <object_component id="oc-246">
         <name>.debug_info</name>
         <load_address>0x15139</load_address>
         <run_address>0x15139</run_address>
         <size>0x13c</size>
         <input_file_ref idref="fl-15c"/>
      </object_component>
      <object_component id="oc-2f4">
         <name>.debug_info</name>
         <load_address>0x15275</load_address>
         <run_address>0x15275</run_address>
         <size>0x182</size>
         <input_file_ref idref="fl-15d"/>
      </object_component>
      <object_component id="oc-2b7">
         <name>.debug_info</name>
         <load_address>0x153f7</load_address>
         <run_address>0x153f7</run_address>
         <size>0x194</size>
         <input_file_ref idref="fl-15d"/>
      </object_component>
      <object_component id="oc-316">
         <name>.debug_info</name>
         <load_address>0x1558b</load_address>
         <run_address>0x1558b</run_address>
         <size>0x86</size>
         <input_file_ref idref="fl-15d"/>
      </object_component>
      <object_component id="oc-2ed">
         <name>.debug_info</name>
         <load_address>0x15611</load_address>
         <run_address>0x15611</run_address>
         <size>0x16c</size>
         <input_file_ref idref="fl-15e"/>
      </object_component>
      <object_component id="oc-2b0">
         <name>.debug_info</name>
         <load_address>0x1577d</load_address>
         <run_address>0x1577d</run_address>
         <size>0x175</size>
         <input_file_ref idref="fl-15e"/>
      </object_component>
      <object_component id="oc-2bd">
         <name>.debug_info</name>
         <load_address>0x158f2</load_address>
         <run_address>0x158f2</run_address>
         <size>0x155</size>
         <input_file_ref idref="fl-15f"/>
      </object_component>
      <object_component id="oc-2f1">
         <name>.debug_info</name>
         <load_address>0x15a47</load_address>
         <run_address>0x15a47</run_address>
         <size>0x1b7</size>
         <input_file_ref idref="fl-160"/>
      </object_component>
      <object_component id="oc-29e">
         <name>.debug_info</name>
         <load_address>0x15bfe</load_address>
         <run_address>0x15bfe</run_address>
         <size>0x134</size>
         <input_file_ref idref="fl-161"/>
      </object_component>
      <object_component id="oc-1ff">
         <name>.debug_info</name>
         <load_address>0x15d32</load_address>
         <run_address>0x15d32</run_address>
         <size>0x213</size>
         <input_file_ref idref="fl-161"/>
      </object_component>
      <object_component id="oc-2fc">
         <name>.debug_info</name>
         <load_address>0x15f45</load_address>
         <run_address>0x15f45</run_address>
         <size>0xd8</size>
         <input_file_ref idref="fl-162"/>
      </object_component>
      <object_component id="oc-33c">
         <name>.debug_info</name>
         <load_address>0x1601d</load_address>
         <run_address>0x1601d</run_address>
         <size>0x1af</size>
         <input_file_ref idref="fl-163"/>
      </object_component>
      <object_component id="oc-324">
         <name>.debug_info</name>
         <load_address>0x161cc</load_address>
         <run_address>0x161cc</run_address>
         <size>0x110</size>
         <input_file_ref idref="fl-163"/>
      </object_component>
      <object_component id="oc-2f6">
         <name>.debug_info</name>
         <load_address>0x162dc</load_address>
         <run_address>0x162dc</run_address>
         <size>0x171</size>
         <input_file_ref idref="fl-163"/>
      </object_component>
      <object_component id="oc-337">
         <name>.debug_info</name>
         <load_address>0x1644d</load_address>
         <run_address>0x1644d</run_address>
         <size>0x6f</size>
         <input_file_ref idref="fl-163"/>
      </object_component>
      <object_component id="oc-2df">
         <name>.debug_info</name>
         <load_address>0x164bc</load_address>
         <run_address>0x164bc</run_address>
         <size>0x162</size>
         <input_file_ref idref="fl-164"/>
      </object_component>
      <object_component id="oc-298">
         <name>.debug_info</name>
         <load_address>0x1661e</load_address>
         <run_address>0x1661e</run_address>
         <size>0x1c4</size>
         <input_file_ref idref="fl-164"/>
      </object_component>
      <object_component id="oc-334">
         <name>.debug_info</name>
         <load_address>0x167e2</load_address>
         <run_address>0x167e2</run_address>
         <size>0xff</size>
         <input_file_ref idref="fl-165"/>
      </object_component>
      <object_component id="oc-321">
         <name>.debug_info</name>
         <load_address>0x168e1</load_address>
         <run_address>0x168e1</run_address>
         <size>0x156</size>
         <input_file_ref idref="fl-165"/>
      </object_component>
      <object_component id="oc-345">
         <name>.debug_info</name>
         <load_address>0x16a37</load_address>
         <run_address>0x16a37</run_address>
         <size>0x2c</size>
         <input_file_ref idref="fl-165"/>
      </object_component>
      <object_component id="oc-342">
         <name>.debug_info</name>
         <load_address>0x16a63</load_address>
         <run_address>0x16a63</run_address>
         <size>0x11f</size>
         <input_file_ref idref="fl-166"/>
      </object_component>
      <object_component id="oc-33f">
         <name>.debug_info</name>
         <load_address>0x16b82</load_address>
         <run_address>0x16b82</run_address>
         <size>0xdd</size>
         <input_file_ref idref="fl-166"/>
[...]
      <symbol id="sm-466">
         <name>_c_int00</name>
         <value>0x47d1</value>
         <object_component_ref idref="oc-24"/>
      </symbol>
      <symbol id="sm-467">
         <name>__stack</name>
         <value>0x200019e0</value>
         <object_component_ref idref="oc-29"/>
      </symbol>
      <symbol id="sm-47e">
         <name>__TI_decompress_none</name>
         <value>0x4bc5</value>
         <object_component_ref idref="oc-12"/>
      </symbol>
      <symbol id="sm-4a6">
         <name>__TI_decompress_rle24</name>
         <value>0x4bdf</value>
         <object_component_ref idref="oc-18"/>
      </symbol>
      <symbol id="sm-4b8">
         <name>__TI_zero_init</name>
         <value>0x4bd3</value>
         <object_component_ref idref="oc-1e"/>
      </symbol>
      <symbol id="sm-4d6">
         <name>__aeabi_stdout</name>
         <value>0x200019a8</value>
         <object_component_ref idref="oc-155"/>
      </symbol>
      <symbol id="sm-4d7">
         <name>__TI_tmpnams</name>
         <value>0x20001520</value>
         <object_component_ref idref="oc-1e5"/>
      </symbol>
      <symbol id="sm-4d8">
         <name>__aeabi_stderr</name>
         <value>0x200019ac</value>
         <object_component_ref idref="oc-155"/>
      </symbol>
      <symbol id="sm-4d9">
         <name>__aeabi_stdin</name>
         <value>0x200019a4</value>
         <object_component_ref idref="oc-155"/>
      </symbol>
      <symbol id="sm-4da">
         <name>_ftable</name>
         <value>0x200015f8</value>
         <object_component_ref idref="oc-a6"/>
      </symbol>
      <symbol id="sm-4db">
         <name>__TI_ft_end</name>
         <value>0x200019a0</value>
         <object_component_ref idref="oc-155"/>
      </symbol>
      <symbol id="sm-4fa">
         <name>C$$EXIT</name>
         <value>0x4901</value>
         <object_component_ref idref="oc-79"/>
      </symbol>
      <symbol id="sm-4fb">
         <name>abort</name>
         <value>0x4905</value>
         <object_component_ref idref="oc-79"/>
      </symbol>
      <symbol id="sm-4fc">
         <name>exit</name>
         <value>0x490d</value>
         <object_component_ref idref="oc-79"/>
      </symbol>
      <symbol id="sm-4fd">
         <name>__TI_dtors_ptr</name>
         <value>0x200019c8</value>
         <object_component_ref idref="oc-118"/>
      </symbol>
      <symbol id="sm-4fe">
         <name>__TI_cleanup_ptr</name>
         <value>0x200019c4</value>
         <object_component_ref idref="oc-118"/>
      </symbol>
      <symbol id="sm-535">
         <name>__TI_cleanup</name>
         <value>0x33b5</value>
         <object_component_ref idref="oc-9a"/>
      </symbol>
      <symbol id="sm-536">
         <name>freopen</name>
         <value>0x33e1</value>
         <object_component_ref idref="oc-9a"/>
      </symbol>
      <symbol id="sm-537">
         <name>fopen</name>
         <value>0x340b</value>
         <object_component_ref idref="oc-9a"/>
      </symbol>
      <symbol id="sm-589">
         <name>open</name>
         <value>0x2c57</value>
         <object_component_ref idref="oc-94"/>
      </symbol>
      <symbol id="sm-58a">
         <name>add_device</name>
         <value>0x2d79</value>
         <object_component_ref idref="oc-94"/>
      </symbol>
      <symbol id="sm-58b">
         <name>remove_device</name>
         <value>0x2c0b</value>
         <object_component_ref idref="oc-94"/>
      </symbol>
      <symbol id="sm-58c">
         <name>lseek</name>
         <value>0x2d05</value>
         <object_component_ref idref="oc-94"/>
      </symbol>
      <symbol id="sm-58d">
         <name>read</name>
         <value>0x2c33</value>
         <object_component_ref idref="oc-94"/>
      </symbol>
      <symbol id="sm-58e">
         <name>rename</name>
         <value>0x2bcd</value>
         <object_component_ref idref="oc-94"/>
      </symbol>
      <symbol id="sm-58f">
         <name>write</name>
         <value>0x2b19</value>
         <object_component_ref idref="oc-94"/>
      </symbol>
      <symbol id="sm-590">
         <name>close</name>
         <value>0x2d29</value>
         <object_component_ref idref="oc-94"/>
      </symbol>
      <symbol id="sm-591">
         <name>unlink</name>
         <value>0x2ba9</value>
         <object_component_ref idref="oc-94"/>
      </symbol>
      <symbol id="sm-5ac">
         <name>memcpy</name>
         <value>0x4107</value>
         <object_component_ref idref="oc-42"/>
      </symbol>
      <symbol id="sm-5ad">
         <name>__aeabi_memcpy</name>
         <value>0x4107</value>
         <object_component_ref idref="oc-42"/>
      </symbol>
      <symbol id="sm-5ae">
         <name>__aeabi_memcpy8</name>
         <value>0x4107</value>
         <object_component_ref idref="oc-42"/>
      </symbol>
      <symbol id="sm-5af">
         <name>__aeabi_memcpy4</name>
         <value>0x4107</value>
         <object_component_ref idref="oc-42"/>
      </symbol>
      <symbol id="sm-5be">
         <name>__aeabi_memset</name>
         <value>0x43d3</value>
         <object_component_ref idref="oc-5b"/>
      </symbol>
      <symbol id="sm-5bf">
         <name>memset</name>
         <value>0x43d9</value>
         <object_component_ref idref="oc-5b"/>
      </symbol>
      <symbol id="sm-5c0">
         <name>__aeabi_memset8</name>
         <value>0x43d3</value>
         <object_component_ref idref="oc-5b"/>
      </symbol>
      <symbol id="sm-5c1">
         <name>__aeabi_memset4</name>
         <value>0x43d3</value>
         <object_component_ref idref="oc-5b"/>
      </symbol>
      <symbol id="sm-5c2">
         <name>__aeabi_memclr8</name>
         <value>0x43d1</value>
         <object_component_ref idref="oc-5b"/>
      </symbol>
      <symbol id="sm-5c3">
         <name>__aeabi_memclr4</name>
         <value>0x43d1</value>
         <object_component_ref idref="oc-5b"/>
      </symbol>
      <symbol id="sm-5c4">
         <name>__aeabi_memclr</name>
         <value>0x43d1</value>
         <object_component_ref idref="oc-5b"/>
      </symbol>
      <symbol id="sm-5ce">
         <name>_system_pre_init</name>
         <value>0x4be5</value>
         <object_component_ref idref="oc-67"/>
      </symbol>
      <symbol id="sm-5e7">
         <name>printf</name>
         <value>0x4455</value>
         <object_component_ref idref="oc-cb"/>
      </symbol>
      <symbol id="sm-608">
         <name>setvbuf</name>
         <value>0x3df9</value>
         <object_component_ref idref="oc-a0"/>
      </symbol>
      <symbol id="sm-61c">
         <name>sprintf</name>
         <value>0x46c9</value>
         <object_component_ref idref="oc-d1"/>
      </symbol>
      <symbol id="sm-624">
         <name>main_func_sp</name>
         <value>0x200019dc</value>
         <object_component_ref idref="oc-7f"/>
      </symbol>
      <symbol id="sm-634">
         <name>strchr</name>
         <value>0x4b71</value>
         <object_component_ref idref="oc-13d"/>
      </symbol>
      <symbol id="sm-643">
         <name>strcmp</name>
         <value>0x4b59</value>
         <object_component_ref idref="oc-137"/>
      </symbol>
      <symbol id="sm-651">
         <name>strcpy</name>
         <value>0x4b9d</value>
         <object_component_ref idref="oc-b9"/>
      </symbol>
      <symbol id="sm-65f">
         <name>strlen</name>
         <value>0x4bb1</value>
         <object_component_ref idref="oc-da"/>
      </symbol>
      <symbol id="sm-66f">
         <name>strncpy</name>
         <value>0x49ed</value>
         <object_component_ref idref="oc-143"/>
      </symbol>
      <symbol id="sm-682">
         <name>strstr</name>
         <value>0x49b9</value>
         <object_component_ref idref="oc-e0"/>
      </symbol>
      <symbol id="sm-6a3">
         <name>HOSTgetenv</name>
         <value>0x303b</value>
         <object_component_ref idref="oc-1cb"/>
      </symbol>
      <symbol id="sm-6a4">
         <name>HOSTrename</name>
         <value>0x2ee3</value>
         <object_component_ref idref="oc-1cb"/>
      </symbol>
      <symbol id="sm-6a5">
         <name>HOSTclose</name>
         <value>0x3079</value>
         <object_component_ref idref="oc-1cb"/>
      </symbol>
      <symbol id="sm-6a6">
         <name>HOSTunlink</name>
         <value>0x2e71</value>
         <object_component_ref idref="oc-1cb"/>
      </symbol>
      <symbol id="sm-6a7">
         <name>HOSTlseek</name>
         <value>0x2fdf</value>
         <object_component_ref idref="oc-1cb"/>
      </symbol>
      <symbol id="sm-6a8">
         <name>HOSTopen</name>
         <value>0x2f8d</value>
         <object_component_ref idref="oc-1cb"/>
      </symbol>
      <symbol id="sm-6a9">
         <name>HOSTclock</name>
         <value>0x30b1</value>
         <object_component_ref idref="oc-1cb"/>
      </symbol>
      <symbol id="sm-6aa">
         <name>HOSTwrite</name>
         <value>0x2e25</value>
         <object_component_ref idref="oc-1cb"/>
      </symbol>
      <symbol id="sm-6ab">
         <name>HOSTread</name>
         <value>0x2f41</value>
         <object_component_ref idref="oc-1cb"/>
      </symbol>
      <symbol id="sm-6ac">
         <name>HOSTtime</name>
         <value>0x2ea9</value>
         <object_component_ref idref="oc-1cb"/>
      </symbol>
      <symbol id="sm-6c7">
         <name>__TI_readmsg</name>
         <value>0x45c7</value>
         <object_component_ref idref="oc-280"/>
      </symbol>
      <symbol id="sm-6c8">
         <name>C$$IO$$</name>
         <value>0x45c3</value>
         <object_component_ref idref="oc-280"/>
      </symbol>
      <symbol id="sm-6c9">
         <name>__CIOBUF_</name>
         <value>0x20001400</value>
         <object_component_ref idref="oc-2d5"/>
      </symbol>
      <symbol id="sm-6ca">
         <name>__TI_writemsg</name>
         <value>0x4595</value>
         <object_component_ref idref="oc-280"/>
      </symbol>
      <symbol id="sm-6e3">
         <name>_nop</name>
         <value>0x4b97</value>
         <object_component_ref idref="oc-1b7"/>
      </symbol>
      <symbol id="sm-6e4">
         <name>_lock</name>
         <value>0x200019bc</value>
         <object_component_ref idref="oc-115"/>
      </symbol>
      <symbol id="sm-6e5">
         <name>_unlock</name>
         <value>0x200019c0</value>
         <object_component_ref idref="oc-115"/>
      </symbol>
      <symbol id="sm-6e6">
         <name>_register_lock</name>
         <value>0x4b8f</value>
         <object_component_ref idref="oc-1b7"/>
      </symbol>
      <symbol id="sm-6e7">
         <name>_register_unlock</name>
         <value>0x4b89</value>
         <object_component_ref idref="oc-1b7"/>
      </symbol>
      <symbol id="sm-7ec">
         <name>__TI_printfi</name>
         <value>0x1021</value>
         <object_component_ref idref="oc-17b"/>
      </symbol>
      <symbol id="sm-801">
         <name>_args_main</name>
         <value>0x4b41</value>
         <object_component_ref idref="oc-73"/>
      </symbol>
      <symbol id="sm-817">
         <name>atoi</name>
         <value>0x4821</value>
         <object_component_ref idref="oc-251"/>
      </symbol>
      <symbol id="sm-83d">
         <name>__TI_auto_init</name>
         <value>0x44bd</value>
         <object_component_ref idref="oc-6d"/>
      </symbol>
      <symbol id="sm-857">
         <name>copy_in</name>
         <value>0x486d</value>
         <object_component_ref idref="oc-105"/>
      </symbol>
      <symbol id="sm-862">
         <name>_ctypes_</name>
         <value>0x4be8</value>
         <object_component_ref idref="oc-2c7"/>
      </symbol>
      <symbol id="sm-878">
         <name>__TI_closefile</name>
         <value>0x41a5</value>
         <object_component_ref idref="oc-14f"/>
      </symbol>
      <symbol id="sm-879">
         <name>fclose</name>
         <value>0x420b</value>
         <object_component_ref idref="oc-14f"/>
      </symbol>
      <symbol id="sm-89d">
         <name>__aeabi_dsub</name>
         <value>0x34b1</value>
         <object_component_ref idref="oc-234"/>
      </symbol>
      <symbol id="sm-89e">
         <name>__aeabi_dadd</name>
         <value>0x34bb</value>
         <object_component_ref idref="oc-234"/>
      </symbol>
      <symbol id="sm-8c5">
         <name>__aeabi_cdcmpeq</name>
         <value>0x42c5</value>
         <object_component_ref idref="oc-210"/>
      </symbol>
      <symbol id="sm-8c6">
         <name>__aeabi_cdcmple</name>
         <value>0x42c5</value>
         <object_component_ref idref="oc-210"/>
      </symbol>
      <symbol id="sm-8c7">
         <name>__aeabi_cdrcmple</name>
         <value>0x434b</value>
         <object_component_ref idref="oc-21f"/>
      </symbol>
      <symbol id="sm-8e7">
         <name>__aeabi_ddiv</name>
         <value>0x3667</value>
         <object_component_ref idref="oc-21a"/>
      </symbol>
      <symbol id="sm-8fe">
         <name>__aeabi_dmul</name>
         <value>0x3c1d</value>
         <object_component_ref idref="oc-215"/>
      </symbol>
      <symbol id="sm-90c">
         <name>__aeabi_d2iz</name>
         <value>0x48b9</value>
         <object_component_ref idref="oc-224"/>
      </symbol>
      <symbol id="sm-926">
         <name>__TI_doflush</name>
         <value>0x3ed5</value>
         <object_component_ref idref="oc-1df"/>
      </symbol>
      <symbol id="sm-927">
         <name>fflush</name>
         <value>0x3f21</value>
         <object_component_ref idref="oc-1df"/>
      </symbol>
      <symbol id="sm-949">
         <name>puts</name>
         <value>0x38a9</value>
         <object_component_ref idref="oc-175"/>
      </symbol>
      <symbol id="sm-94a">
         <name>fputs</name>
         <value>0x379d</value>
         <object_component_ref idref="oc-175"/>
      </symbol>
      <symbol id="sm-957">
         <name>frexp</name>
         <value>0x4ad9</value>
         <object_component_ref idref="oc-239"/>
      </symbol>
      <symbol id="sm-963">
         <name>__aeabi_i2d</name>
         <value>0x4a7d</value>
         <object_component_ref idref="oc-22f"/>
      </symbol>
      <symbol id="sm-974">
         <name>ldexp</name>
         <value>0x477f</value>
         <object_component_ref idref="oc-23f"/>
      </symbol>
      <symbol id="sm-983">
         <name>ltoa</name>
         <value>0x4729</value>
         <object_component_ref idref="oc-229"/>
      </symbol>
      <symbol id="sm-993">
         <name>memccpy</name>
         <value>0x4b23</value>
         <object_component_ref idref="oc-24b"/>
      </symbol>
      <symbol id="sm-9a3">
         <name>memchr</name>
         <value>0x4b03</value>
         <object_component_ref idref="oc-203"/>
      </symbol>
      <symbol id="sm-a15">
         <name>_sys_memory</name>
         <value>0x20001be0</value>
         <object_component_ref idref="oc-2a"/>
      </symbol>
      <symbol id="sm-a16">
         <name>free</name>
         <value>0x2833</value>
         <object_component_ref idref="oc-15b"/>
      </symbol>
      <symbol id="sm-a17">
         <name>realloc</name>
         <value>0x28f5</value>
         <object_component_ref idref="oc-15b"/>
      </symbol>
      <symbol id="sm-a18">
         <name>memalign</name>
         <value>0x2a01</value>
         <object_component_ref idref="oc-15b"/>
      </symbol>
      <symbol id="sm-a19">
         <name>calloc</name>
         <value>0x2ae5</value>
         <object_component_ref idref="oc-15b"/>
      </symbol>
      <symbol id="sm-a1a">
         <name>malloc</name>
         <value>0x27cb</value>
         <object_component_ref idref="oc-15b"/>
      </symbol>
      <symbol id="sm-a1b">
         <name>minit</name>
         <value>0x273d</value>
         <object_component_ref idref="oc-15b"/>
      </symbol>
      <symbol id="sm-a46">
         <name>__aeabi_uldivmod</name>
         <value>0x30f9</value>
         <object_component_ref idref="oc-20b"/>
      </symbol>
      <symbol id="sm-a54">
         <name>_Dclass</name>
         <value>0x4a1d</value>
         <object_component_ref idref="oc-245"/>
      </symbol>
      <symbol id="sm-a75">
         <name>_Dscale</name>
         <value>0x3b0d</value>
         <object_component_ref idref="oc-2b5"/>
      </symbol>
      <symbol id="sm-a89">
         <name>_Dunscale</name>
         <value>0x45fd</value>
         <object_component_ref idref="oc-2ad"/>
      </symbol>
      <symbol id="sm-a98">
         <name>_Feraise</name>
         <value>0x4a4d</value>
         <object_component_ref idref="oc-2bb"/>
      </symbol>
      <symbol id="sm-aa8">
         <name>_Rteps</name>
         <value>0x200018c8</value>
         <object_component_ref idref="oc-2f0"/>
      </symbol>
      <symbol id="sm-aa9">
         <name>_Zero</name>
         <value>0x200018e0</value>
         <object_component_ref idref="oc-2f0"/>
      </symbol>
      <symbol id="sm-aaa">
         <name>_Hugeval</name>
         <value>0x20001888</value>
         <object_component_ref idref="oc-2f0"/>
      </symbol>
      <symbol id="sm-aab">
         <name>_Snan</name>
         <value>0x200018b8</value>
         <object_component_ref idref="oc-2f0"/>
      </symbol>
      <symbol id="sm-aac">
         <name>_Nan</name>
         <value>0x200018a8</value>
         <object_component_ref idref="oc-2f0"/>
      </symbol>
      <symbol id="sm-aad">
         <name>_Inf</name>
         <value>0x20001898</value>
         <object_component_ref idref="oc-2f0"/>
      </symbol>
      <symbol id="sm-aae">
         <name>_Xbig</name>
         <value>0x200018d8</value>
         <object_component_ref idref="oc-2f0"/>
      </symbol>
      <symbol id="sm-aaf">
         <name>_Eps</name>
         <value>0x20001878</value>
         <object_component_ref idref="oc-2f0"/>
      </symbol>
      <symbol id="sm-ab0">
         <name>_Denorm</name>
         <value>0x20001868</value>
         <object_component_ref idref="oc-2f0"/>
      </symbol>
      <symbol id="sm-ac9">
         <name>__TI_wrt_ok</name>
         <value>0x405b</value>
         <object_component_ref idref="oc-1fd"/>
      </symbol>
      <symbol id="sm-aca">
         <name>__TI_rd_ok</name>
         <value>0x40bd</value>
         <object_component_ref idref="oc-1fd"/>
      </symbol>
      <symbol id="sm-ad2">
         <name>_Errno</name>
         <value>0x200019d4</value>
         <object_component_ref idref="oc-2fb"/>
      </symbol>
      <symbol id="sm-af0">
         <name>feraiseexcept</name>
         <value>0x4985</value>
         <object_component_ref idref="oc-2f5"/>
      </symbol>
      <symbol id="sm-af1">
         <name>_Tls_setup__Fenv</name>
         <value>0x200019d0</value>
         <object_component_ref idref="oc-323"/>
      </symbol>
      <symbol id="sm-af2">
         <name>_Fenv</name>
         <value>0x200019cc</value>
         <object_component_ref idref="oc-323"/>
      </symbol>
      <symbol id="sm-b04">
         <name>fseek</name>
         <value>0x4665</value>
         <object_component_ref idref="oc-297"/>
      </symbol>
      <symbol id="sm-b18">
         <name>raise</name>
         <value>0x4aab</value>
         <object_component_ref idref="oc-31d"/>
      </symbol>
      <symbol id="sm-b32">
         <name>signal</name>
         <value>0x4945</value>
         <object_component_ref idref="oc-32d"/>
      </symbol>
      <symbol id="sm-b47">
         <name>_Dnorm</name>
         <value>0x3f9d</value>
         <object_component_ref idref="oc-2e6"/>
      </symbol>
      <symbol id="sm-b48">
         <name>__TI_static_base__</name>
         <value>0x0</value>
      </symbol>
      <symbol id="sm-b4b">
         <name>SHT$$INIT_ARRAY$$Limit</name>
         <value>0x0</value>
      </symbol>
      <symbol id="sm-b4c">
         <name>SHT$$INIT_ARRAY$$Base</name>
         <value>0x0</value>
      </symbol>
      <symbol id="sm-b4d">
         <name>remove</name>
         <value>0x2ba9</value>
      </symbol>
   </symbol_table>
   <title>Link successful</title>
</link_info>
