******************************************************************************
                  TI ARM Linker PC v5.2.4                      
******************************************************************************
>> Linked Sat Feb 06 22:51:23 2016

OUTPUT FILE NAME:   <ESP8266_4C123.out>
ENTRY POINT SYMBOL: "_c_int00"  address: 000047d1


MEMORY CONFIGURATION

         name            origin    length      used     unused   attr    fill
----------------------  --------  ---------  --------  --------  ----  --------
  FLASH                 00000000   00040000  00004e8f  0003b171  R  X
  SRAM                  20000000   00008000  00001be8  00006418  RW X


SEGMENT ALLOCATION MAP

run origin  load origin   length   init length attrs members
----------  ----------- ---------- ----------- ----- -------
00000000    00000000    00004e90   00004e90    r-x
  00000000    00000000    0000026c   0000026c    r-- .intvecs
  0000026c    0000026c    0000497c   0000497c    r-x .text
  00004be8    00004be8    0000014f   0000014f    r-- .const
  00004d38    00004d38    00000158   00000158    r-- .cinit
20000000    20000000    00001be8   00000000    rw-
  20000000    20000000    000015f8   00000000    rw- .bss
  200015f8    200015f8    000003e8   00000000    rw- .data
  200019e0    200019e0    00000200   00000000    rw- .stack
  20001be0    20001be0    00000008   00000000    rw- .sysmem


SECTION ALLOCATION MAP

 output                                  attributes/
section   page    origin      length       input sections
--------  ----  ----------  ----------   ----------------
.intvecs   0    00000000    0000026c     
                  00000000    0000026c     tm4c123gh6pm_startup_ccs.obj (.intvecs)

.text      0    0000026c    0000497c     
                  0000026c    000010ba     rtsv7M4_T_le_v4SPD16_eabi.lib : _printfi.obj (.text)
                  00001326    00000002     --HOLE-- [fill = 0]
                  00001328    00000d44     esp8266.obj (.text)
                  0000206c    000006d0     UART.obj (.text)
                  0000273c    000003dc     rtsv7M4_T_le_v4SPD16_eabi.lib : memory.obj (.text)
                  00002b18    0000030c                                   : lowlev.obj (.text)
                  00002e24    000002d4                                   : trgdrv.obj (.text)
                  000030f8    000001f4                                   : ull_div_t2.obj (.text)
                  000032ec    000001c4                                   : fopen.obj (.text)
                  000034b0    000001b6                                   : fd_add_t2.obj (.text)
                  00003666    00000136                                   : fd_div_t2.obj (.text)
                  0000379c    00000134                                   : fputs.obj (.text)
                  000038d0    00000128     main.obj (.text)
                  000039f8    00000112     tm4c123gh6pm_startup_ccs.obj (.text)
                  00003b0a    00000002     --HOLE-- [fill = 0]
                  00003b0c    00000110     rtsv7M4_T_le_v4SPD16_eabi.lib : xdscale.obj (.text)
                  00003c1c    000000fc                                   : fd_mul_t2.obj (.text)
                  00003d18    000000e0     LED.obj (.text)
                  00003df8    000000dc     rtsv7M4_T_le_v4SPD16_eabi.lib : setvbuf.obj (.text)
                  00003ed4    000000c8                                   : fflush.obj (.text)
                  00003f9c    000000be                                   : xdnorm.obj (.text)
                  0000405a    000000ac                                   : _io_perm.obj (.text)
                  00004106    0000009c                                   : memcpy_t2.obj (.text)
                  000041a2    00000002     --HOLE-- [fill = 0]
                  000041a4    00000098                                   : fclose.obj (.text)
                  0000423c    00000088     pll.obj (.text)
                  000042c4    00000086     rtsv7M4_T_le_v4SPD16_eabi.lib : fd_cmp_t2.obj (.text:__aeabi_cdcmple)
                  0000434a    00000086                                   : fd_cmp_t2.obj (.text:__aeabi_cdrcmple)
                  000043d0    0000007a                                   : memset_t2.obj (.text)
                  0000444a    00000002     --HOLE-- [fill = 0]
                  0000444c    00000070                                   : printf.obj (.text)
                  000044bc    0000006c                                   : autoinit.obj (.text)
                  00004528    0000006a                                   : copy_decompress_rle.obj (.text)
                  00004592    00000002     --HOLE-- [fill = 0]
                  00004594    00000068                                   : trgmsg.obj (.text)
                  000045fc    00000066                                   : xdunscal.obj (.text)
                  00004662    00000002     --HOLE-- [fill = 0]
                  00004664    00000064                                   : fseek.obj (.text)
                  000046c8    00000060                                   : sprintf.obj (.text)
                  00004728    00000056                                   : ltoa.obj (.text)
                  0000477e    00000052                                   : ldexp.obj (.text)
                  000047d0    00000050                                   : boot.obj (.text)
                  00004820    0000004c                                   : atoi.obj (.text)
                  0000486c    0000004c                                   : cpy_tbl.obj (.text)
                  000048b8    00000048                                   : fd_toi_t2.obj (.text)
                  00004900    00000044                                   : exit.obj (.text)
                  00004944    00000040                                   : signal.obj (.text)
                  00004984    00000034                                   : feraiseexcept.obj (.text)
                  000049b8    00000034                                   : strstr.obj (.text)
                  000049ec    00000030                                   : strncpy.obj (.text)
                  00004a1c    00000030                                   : xdclass.obj (.text)
                  00004a4c    00000030                                   : xferaise.obj (.text)
                  00004a7c    0000002e                                   : i_tofd_t2.obj (.text)
                  00004aaa    0000002e                                   : raise.obj (.text)
                  00004ad8    0000002a                                   : frexp.obj (.text)
                  00004b02    00000020                                   : memchr.obj (.text)
                  00004b22    0000001c                                   : memccpy.obj (.text)
                  00004b3e    00000002     --HOLE-- [fill = 0]
                  00004b40    00000018                                   : args_main.obj (.text)
                  00004b58    00000018                                   : strcmp.obj (.text)
                  00004b70    00000016                                   : strchr.obj (.text)
                  00004b86    00000002     --HOLE-- [fill = 0]
                  00004b88    00000014                                   : _lock.obj (.text)
                  00004b9c    00000014                                   : strcpy.obj (.text)
                  00004bb0    00000014                                   : strlen.obj (.text)
                  00004bc4    0000000e                                   : copy_decompress_none.obj (.text:decompress:none)
                  00004bd2    0000000c                                   : copy_zero_init.obj (.text:decompress:ZI)
                  00004bde    00000006                                   : copy_decompress_rle.obj (.text:decompress:rle24)
                  00004be4    00000004                                   : pre_init.obj (.text)

.const     0    00004be8    0000014f     
                  00004be8    00000101     rtsv7M4_T_le_v4SPD16_eabi.lib : ctype.obj (.const:.string:_ctypes_)
                  00004ce9    0000004e     esp8266.obj (.const:.string:$P$T0$1)

.cinit     0    00004d38    00000158     
                  00004d38    00000134     (.cinit..data.load) [load image, compression = rle]
                  00004e6c    0000000c     (__TI_handler_table)
                  00004e78    00000008     (.cinit..bss.load) [load image, compression = zero_init]
                  00004e80    00000010     (__TI_cinit_table)

.init_array 
*          0    00000000    00000000     UNINITIALIZED

.bss       0    20000000    000015f8     UNINITIALIZED
                  20000000    00000400     esp8266.obj (.bss:RXBuffer)
                  20000400    00000400     UART.obj (.bss:RxFifo)
                  20000800    00000400     esp8266.obj (.bss:ServerResponseBuffer)
                  20000c00    00000400     esp8266.obj (.bss:TXBuffer)
                  20001000    00000400     UART.obj (.bss:TxFifo)
                  20001400    00000120     rtsv7M4_T_le_v4SPD16_eabi.lib : trgmsg.obj (.bss:__CIOBUF_)
                  20001520    000000a0                                   : defs.obj (.bss:__TI_tmpnams)
                  200015c0    00000020     (.common:SearchString)
                  200015e0    00000008     (.common:parmbuf)
                  200015e8    00000004     (.common:RxGetI)
                  200015ec    00000004     (.common:RxPutI)
                  200015f0    00000004     (.common:TxGetI)
                  200015f4    00000004     (.common:TxPutI)

.TI.noinit 
*          0    20000000    00000000     UNINITIALIZED

.data      0    200015f8    000003e8     UNINITIALIZED
                  200015f8    000000f0     rtsv7M4_T_le_v4SPD16_eabi.lib : defs.obj (.data:_ftable)
                  200016e8    000000d0                                   : lowlev.obj (.data)
                  200017b8    000000b0                                   : signal.obj (.data:sigtable)
                  20001868    00000080                                   : xvalues.obj (.data)
                  200018e8    00000078     main.obj (.data:Fetch)
                  20001960    00000040     esp8266.obj (.data)
                  200019a0    00000010     rtsv7M4_T_le_v4SPD16_eabi.lib : defs.obj (.data)
                  200019b0    0000000c                                   : memory.obj (.data)
                  200019bc    00000008                                   : _lock.obj (.data)
                  200019c4    00000008                                   : exit.obj (.data)
                  200019cc    00000008                                   : feraiseexcept.obj (.data)
                  200019d4    00000004                                   : errno.obj (.data)
                  200019d8    00000004                                   : fopen.obj (.data)
                  200019dc    00000004                                   : stkdepth_vars.obj (.data)

.TI.persistent 
*          0    200015f8    00000000     UNINITIALIZED

.stack     0    200019e0    00000200     UNINITIALIZED
                  200019e0    00000200     --HOLE--

.sysmem    0    20001be0    00000008     UNINITIALIZED
                  20001be0    00000008     rtsv7M4_T_le_v4SPD16_eabi.lib : memory.obj (.sysmem)


LINKER GENERATED COPY TABLES

__TI_cinit_table @ 00004e80 records: 2, size/record: 8, table size: 16
	.data: load addr=00004d38, load size=00000134 bytes, run addr=200015f8, run size=000003e8 bytes, compression=rle
	.bss: load addr=00004e78, load size=00000008 bytes, run addr=20000000, run size=000015f8 bytes, compression=zero_init


LINKER GENERATED HANDLER TABLE

__TI_handler_table @ 00004e6c records: 3, size/record: 4, table size: 12
	index: 0, handler: __TI_decompress_rle24
	index: 1, handler: __TI_decompress_none
	index: 2, handler: __TI_zero_init


GLOBAL SYMBOLS: SORTED ALPHABETICALLY BY Name 

address   name                           
-------   ----                           
00003a29  ADC0Seq0_Handler               
00003a2b  ADC0Seq1_Handler               
00003a2d  ADC0Seq2_Handler               
00003a2f  ADC0Seq3_Handler               
00003a6d  ADC1Seq0_Handler               
00003a6f  ADC1Seq1_Handler               
00003a71  ADC1Seq2_Handler               
00003a73  ADC1Seq3_Handler               
00003d61  Board_Input                    
00004901  C$$EXIT                        
000045c3  C$$IO$$                        
00003a5b  CAN0_Handler                   
00003a5d  CAN1_Handler                   
00003a5f  CAN2_Handler                   
00003a3f  Comp0_Handler                  
00003a41  Comp1_Handler                  
00003a43  Comp2_Handler                  
20001968  CurrentReturnIndex             
00003a07  DebugMon_Handler               
0000165d  DelayMs                        
000016a9  DelayMsSearching               
00003af1  DisableInterrupts              
000015bb  ESP8266FIFOtoBuffer            
00001ea9  ESP8266ProcessInput            
0000162d  ESP8266SendCommand             
20001973  ESP8266_APEnabled              
20001974  ESP8266_ClientEnabled          
00001cc9  ESP8266_CloseTCPConnection     
00001b2d  ESP8266_ConfigureAccessPoint   
00001597  ESP8266_DisableRXInterrupt     
00001e35  ESP8266_DisableServer          
20001971  ESP8266_EchoResponse           
0000158f  ESP8266_EnableRXInterrupt      
00001e05  ESP8266_EnableServer           
00001bad  ESP8266_GetIPAddress           
00001d49  ESP8266_GetStatus              
00001d85  ESP8266_GetVersionNumber       
00001759  ESP8266_Init                   
00001499  ESP8266_InitUART               
20001976  ESP8266_InputProcessingEnabled 
000018f9  ESP8266_JoinAccessPoint        
00001945  ESP8266_ListAccessPoints       
00001c03  ESP8266_MakeTCPConnection      
20001977  ESP8266_PageRequested          
0000159f  ESP8266_PrintChar              
20001970  ESP8266_ProcessBuffer          
00001981  ESP8266_QuitAccessPoint        
000017fb  ESP8266_Reset                  
20001972  ESP8266_ResponseComplete       
00001c61  ESP8266_SendTCP                
20001975  ESP8266_ServerEnabled          
2000199c  ESP8266_ServerPort             
2000199e  ESP8266_ServerTimeout          
000018a5  ESP8266_SetConnectionMux       
00001d01  ESP8266_SetDataTransmissionMode
00001dc1  ESP8266_SetServerTimeout       
0000184d  ESP8266_SetWifiMode            
00003af5  EnableInterrupts               
00003b01  EndCritical                    
00003a61  Ethernet_Handler               
00003a77  ExtBus_Handler                 
00003ab1  FPU_Handler                    
00003ac1  Fan0_Handler                   
200018e8  Fetch                          
00003a47  FlashCtl_Handler               
00003a0d  GPIOPortA_Handler              
00003a0f  GPIOPortB_Handler              
00003a11  GPIOPortC_Handler              
00003a13  GPIOPortD_Handler              
00003a15  GPIOPortE_Handler              
00003a49  GPIOPortF_Handler              
00003a4b  GPIOPortG_Handler              
00003a4d  GPIOPortH_Handler              
00003a79  GPIOPortJ_Handler              
00003a7b  GPIOPortK_Handler              
00003a7d  GPIOPortL_Handler              
00003abb  GPIOPortM_Handler              
00003abd  GPIOPortN_Handler              
00003ac5  GPIOPortP1_Handler             
00003ac7  GPIOPortP2_Handler             
00003ac9  GPIOPortP3_Handler             
00003acb  GPIOPortP4_Handler             
00003acd  GPIOPortP5_Handler             
00003acf  GPIOPortP6_Handler             
00003ad1  GPIOPortP7_Handler             
00003ac3  GPIOPortP_Handler              
00003ad5  GPIOPortQ1_Handler             
00003ad7  GPIOPortQ2_Handler             
00003ad9  GPIOPortQ3_Handler             
00003adb  GPIOPortQ4_Handler             
00003add  GPIOPortQ5_Handler             
00003adf  GPIOPortQ6_Handler             
00003ae1  GPIOPortQ7_Handler             
00003ad3  GPIOPortQ_Handler              
00003ae3  GPIOPortR_Handler              
00003ae5  GPIOPortS_Handler              
000030b1  HOSTclock                      
00003079  HOSTclose                      
0000303b  HOSTgetenv                     
00002fdf  HOSTlseek                      
00002f8d  HOSTopen                       
00002f41  HOSTread                       
00002ee3  HOSTrename                     
00002ea9  HOSTtime                       
00002e71  HOSTunlink                     
00002e25  HOSTwrite                      
00001f3f  HTTP_ServePage                 
00003a63  Hibernate_Handler              
00003a1d  I2C0_Handler                   
00003a57  I2C1_Handler                   
00003a8d  I2C2_Handler                   
00003a8f  I2C3_Handler                   
00003ab7  I2C4_Handler                   
00003ab9  I2C5_Handler                   
00003a75  I2S0_Handler                   
00003d8f  LED_BlueToggle                 
00003daf  LED_GreenOff                   
00003da7  LED_GreenOn                    
00003d9b  LED_GreenToggle                
00003d19  LED_Init                       
00003d7b  LED_RedOff                     
00003d73  LED_RedOn                      
00003d83  LED_RedToggle                  
00003ab5  LPC0_Handler                   
20001964  LastReturnIndex                
000026af  Output_Init                    
00003ab3  PECI0_Handler                  
0000423d  PLL_Init                       
00003a1f  PWM0Fault_Handler              
00003a21  PWM0Generator0_Handler         
00003a23  PWM0Generator1_Handler         
00003a25  PWM0Generator2_Handler         
00003a67  PWM0Generator3_Handler         
00003aef  PWM1Fault_Handler              
00003ae7  PWM1Generator0_Handler         
00003ae9  PWM1Generator1_Handler         
00003aeb  PWM1Generator2_Handler         
00003aed  PWM1Generator3_Handler         
00003a09  PendSV_Handler                 
00003a27  Quadrature0_Handler            
00003a59  Quadrature1_Handler            
00003abf  Quadrature2_Handler            
20000000  RXBuffer                       
20001960  RXBufferIndex                  
000039f9  ResetISR                       
000020bd  RxFifo_Get                     
0000206d  RxFifo_Init                    
00002087  RxFifo_Put                     
000020f1  RxFifo_Size                    
200015e8  RxGetI                         
200015ec  RxPutI                         
UNDEFED   SHT$$INIT_ARRAY$$Base          
UNDEFED   SHT$$INIT_ARRAY$$Limit         
00003a1b  SSI0_Handler                   
00003a51  SSI1_Handler                   
00003a7f  SSI2_Handler                   
00003a81  SSI3_Handler                   
00003a05  SVC_Handler                    
00001375  SearchCheck                    
20001979  SearchFound                    
2000197c  SearchIndex                    
20001978  SearchLooking                  
00001355  SearchStart                    
200015c0  SearchString                   
20000800  ServerResponseBuffer           
2000196c  ServerResponseIndex            
000013e1  ServerResponseSearchCheck      
20001990  ServerResponseSearchFinished   
20001994  ServerResponseSearchIndex      
20001998  ServerResponseSearchLooking    
000013bd  ServerResponseSearchStart      
20001980  ServerResponseSearchString     
00003af9  StartCritical                  
00003a45  SysCtl_Handler                 
00003a0b  SysTick_Handler                
20000c00  TXBuffer                       
00003a33  Timer0A_Handler                
00003a35  Timer0B_Handler                
00003a37  Timer1A_Handler                
00003a39  Timer1B_Handler                
00003a3b  Timer2A_Handler                
00003a3d  Timer2B_Handler                
00003a53  Timer3A_Handler                
00003a55  Timer3B_Handler                
00003a91  Timer4A_Handler                
00003a93  Timer4B_Handler                
00003a95  Timer5A_Handler                
00003a97  Timer5B_Handler                
0000214f  TxFifo_Get                     
000020ff  TxFifo_Init                    
00002119  TxFifo_Put                     
00002183  TxFifo_Size                    
200015f0  TxGetI                         
200015f4  TxPutI                         
000022fb  UART0_Handler                  
00001567  UART1_Handler                  
00003a4f  UART2_Handler                  
00003a83  UART3_Handler                  
00003a85  UART4_Handler                  
00003a87  UART5_Handler                  
00003a89  UART6_Handler                  
00003a8b  UART7_Handler                  
0000227f  UART_InChar                    
00002291  UART_InCharNonBlock            
00002579  UART_InString                  
00002371  UART_InUDec                    
0000246d  UART_InUHex                    
00002191  UART_Init                      
000022a5  UART_OutChar                   
000022d1  UART_OutCharNonBlock           
00002345  UART_OutString                 
000023fd  UART_OutUDec                   
00002535  UART_OutUHex                   
00003a65  USB0_Handler                   
00003a31  WDT_Handler                    
00003b07  WaitForInterrupt               
00003a99  WideTimer0A_Handler            
00003a9b  WideTimer0B_Handler            
00003a9d  WideTimer1A_Handler            
00003a9f  WideTimer1B_Handler            
00003aa1  WideTimer2A_Handler            
00003aa3  WideTimer2B_Handler            
00003aa5  WideTimer3A_Handler            
00003aa7  WideTimer3B_Handler            
00003aa9  WideTimer4A_Handler            
00003aab  WideTimer4B_Handler            
00003aad  WideTimer5A_Handler            
00003aaf  WideTimer5B_Handler            
00004a1d  _Dclass                        
20001868  _Denorm                        
00003f9d  _Dnorm                         
00003b0d  _Dscale                        
000045fd  _Dunscale                      
20001878  _Eps                           
200019d4  _Errno                         
200019cc  _Fenv                          
00004a4d  _Feraise                       
20001888  _Hugeval                       
20001898  _Inf                           
200018a8  _Nan                           
200018c8  _Rteps                         
200018b8  _Snan                          
200019d0  _Tls_setup__Fenv               
200018d8  _Xbig                          
200018e0  _Zero                          
20001400  __CIOBUF_                      
20001be0  __STACK_END                    
00000200  __STACK_SIZE                   
20001be0  __STACK_TOP                    
00000008  __SYSMEM_SIZE                  
00004e80  __TI_CINIT_Base                
00004e90  __TI_CINIT_Limit               
00004e6c  __TI_Handler_Table_Base        
00004e78  __TI_Handler_Table_Limit       
000044bd  __TI_auto_init                 
000033b5  __TI_cleanup                   
200019c4  __TI_cleanup_ptr               
000041a5  __TI_closefile                 
00004bc5  __TI_decompress_none           
00004bdf  __TI_decompress_rle24          
00003ed5  __TI_doflush                   
200019c8  __TI_dtors_ptr                 
200019a0  __TI_ft_end                    
00001021  __TI_printfi                   
000040bd  __TI_rd_ok                     
000045c7  __TI_readmsg                   
00000000  __TI_static_base__             
20001520  __TI_tmpnams                   
00004595  __TI_writemsg                  
0000405b  __TI_wrt_ok                    
00004bd3  __TI_zero_init                 
000042c5  __aeabi_cdcmpeq                
000042c5  __aeabi_cdcmple                
0000434b  __aeabi_cdrcmple               
000048b9  __aeabi_d2iz                   
000034bb  __aeabi_dadd                   
00003667  __aeabi_ddiv                   
00003c1d  __aeabi_dmul                   
000034b1  __aeabi_dsub                   
00004a7d  __aeabi_i2d                    
000043d1  __aeabi_memclr                 
000043d1  __aeabi_memclr4                
000043d1  __aeabi_memclr8                
00004107  __aeabi_memcpy                 
00004107  __aeabi_memcpy4                
00004107  __aeabi_memcpy8                
000043d3  __aeabi_memset                 
000043d3  __aeabi_memset4                
000043d3  __aeabi_memset8                
200019ac  __aeabi_stderr                 
200019a4  __aeabi_stdin                  
200019a8  __aeabi_stdout                 
000030f9  __aeabi_uldivmod               
ffffffff  __binit__                      
ffffffff  __c_args__                     
200019e0  __stack                        
00004b41  _args_main                     
000047d1  _c_int00                       
00004be8  _ctypes_                       
200015f8  _ftable                        
200019bc  _lock                          
00004b97  _nop                           
00004b8f  _register_lock                 
00004b89  _register_unlock               
20001be0  _sys_memory                    
00004be5  _system_pre_init               
200019c0  _unlock                        
00004905  abort                          
00002d79  add_device                     
00004821  atoi                           
ffffffff  binit                          
00002ae5  calloc                         
00002d29  close                          
0000486d  copy_in                        
0000490d  exit                           
0000420b  fclose                         
00004985  feraiseexcept                  
00003f21  fflush                         
0000340b  fopen                          
000025f9  fputc                          
0000379d  fputs                          
00002833  free                           
000033e1  freopen                        
00004ad9  frexp                          
00004665  fseek                          
00000000  g_pfnVectors                   
00001329  lc                             
0000477f  ldexp                          
00002d05  lseek                          
00004729  ltoa                           
000038d1  main                           
00003929  main2                          
200019dc  main_func_sp                   
000027cb  malloc                         
00002a01  memalign                       
00004b23  memccpy                        
00004b03  memchr                         
00004107  memcpy                         
000043d9  memset                         
0000273d  minit                          
00002c57  open                           
00004455  printf                         
000038a9  puts                           
00004aab  raise                          
00002c33  read                           
000028f5  realloc                        
00002ba9  remove                         
00002c0b  remove_device                  
00002bcd  rename                         
00003df9  setvbuf                        
00004945  signal                         
000046c9  sprintf                        
00004b71  strchr                         
00004b59  strcmp                         
00004b9d  strcpy                         
00004bb1  strlen                         
000049ed  strncpy                        
000049b9  strstr                         
00003a6b  uDMA_Error                     
00003a69  uDMA_Handler                   
0000261b  uart_close                     
00002685  uart_lseek                     
0000260b  uart_open                      
00002627  uart_read                      
000026a1  uart_rename                    
00002695  uart_unlink                    
00002651  uart_write                     
00002ba9  unlink                         
00002b19  write                          


GLOBAL SYMBOLS: SORTED BY Symbol Address 

address   name                           
-------   ----                           
00000000  __TI_static_base__             
00000000  g_pfnVectors                   
00000008  __SYSMEM_SIZE                  
00000200  __STACK_SIZE                   
00001021  __TI_printfi                   
00001329  lc                             
00001355  SearchStart                    
00001375  SearchCheck                    
000013bd  ServerResponseSearchStart      
000013e1  ServerResponseSearchCheck      
00001499  ESP8266_InitUART               
00001567  UART1_Handler                  
0000158f  ESP8266_EnableRXInterrupt      
00001597  ESP8266_DisableRXInterrupt     
0000159f  ESP8266_PrintChar              
000015bb  ESP8266FIFOtoBuffer            
0000162d  ESP8266SendCommand             
0000165d  DelayMs                        
000016a9  DelayMsSearching               
00001759  ESP8266_Init                   
000017fb  ESP8266_Reset                  
0000184d  ESP8266_SetWifiMode            
000018a5  ESP8266_SetConnectionMux       
000018f9  ESP8266_JoinAccessPoint        
00001945  ESP8266_ListAccessPoints       
00001981  ESP8266_QuitAccessPoint        
00001b2d  ESP8266_ConfigureAccessPoint   
00001bad  ESP8266_GetIPAddress           
00001c03  ESP8266_MakeTCPConnection      
00001c61  ESP8266_SendTCP                
00001cc9  ESP8266_CloseTCPConnection     
00001d01  ESP8266_SetDataTransmissionMode
00001d49  ESP8266_GetStatus              
00001d85  ESP8266_GetVersionNumber       
00001dc1  ESP8266_SetServerTimeout       
00001e05  ESP8266_EnableServer           
00001e35  ESP8266_DisableServer          
00001ea9  ESP8266ProcessInput            
00001f3f  HTTP_ServePage                 
0000206d  RxFifo_Init                    
00002087  RxFifo_Put                     
000020bd  RxFifo_Get                     
000020f1  RxFifo_Size                    
000020ff  TxFifo_Init                    
00002119  TxFifo_Put                     
0000214f  TxFifo_Get                     
00002183  TxFifo_Size                    
00002191  UART_Init                      
0000227f  UART_InChar                    
00002291  UART_InCharNonBlock            
000022a5  UART_OutChar                   
000022d1  UART_OutCharNonBlock           
000022fb  UART0_Handler                  
00002345  UART_OutString                 
00002371  UART_InUDec                    
000023fd  UART_OutUDec                   
0000246d  UART_InUHex                    
00002535  UART_OutUHex                   
00002579  UART_InString                  
000025f9  fputc                          
0000260b  uart_open                      
0000261b  uart_close                     
00002627  uart_read                      
00002651  uart_write                     
00002685  uart_lseek                     
00002695  uart_unlink                    
000026a1  uart_rename                    
000026af  Output_Init                    
0000273d  minit                          
000027cb  malloc                         
00002833  free                           
000028f5  realloc                        
00002a01  memalign                       
00002ae5  calloc                         
00002b19  write                          
00002ba9  remove                         
00002ba9  unlink                         
00002bcd  rename                         
00002c0b  remove_device                  
00002c33  read                           
00002c57  open                           
00002d05  lseek                          
00002d29  close                          
00002d79  add_device                     
00002e25  HOSTwrite                      
00002e71  HOSTunlink                     
00002ea9  HOSTtime                       
00002ee3  HOSTrename                     
00002f41  HOSTread                       
00002f8d  HOSTopen                       
00002fdf  HOSTlseek                      
0000303b  HOSTgetenv                     
00003079  HOSTclose                      
000030b1  HOSTclock                      
000030f9  __aeabi_uldivmod               
000033b5  __TI_cleanup                   
000033e1  freopen                        
0000340b  fopen                          
000034b1  __aeabi_dsub                   
000034bb  __aeabi_dadd                   
00003667  __aeabi_ddiv                   
0000379d  fputs                          
000038a9  puts                           
000038d1  main                           
00003929  main2                          
000039f9  ResetISR                       
00003a05  SVC_Handler                    
00003a07  DebugMon_Handler               
00003a09  PendSV_Handler                 
00003a0b  SysTick_Handler                
00003a0d  GPIOPortA_Handler              
00003a0f  GPIOPortB_Handler              
00003a11  GPIOPortC_Handler              
00003a13  GPIOPortD_Handler              
00003a15  GPIOPortE_Handler              
00003a1b  SSI0_Handler                   
00003a1d  I2C0_Handler                   
00003a1f  PWM0Fault_Handler              
00003a21  PWM0Generator0_Handler         
00003a23  PWM0Generator1_Handler         
00003a25  PWM0Generator2_Handler         
00003a27  Quadrature0_Handler            
00003a29  ADC0Seq0_Handler               
00003a2b  ADC0Seq1_Handler               
00003a2d  ADC0Seq2_Handler               
00003a2f  ADC0Seq3_Handler               
00003a31  WDT_Handler                    
00003a33  Timer0A_Handler                
00003a35  Timer0B_Handler                
00003a37  Timer1A_Handler                
00003a39  Timer1B_Handler                
00003a3b  Timer2A_Handler                
00003a3d  Timer2B_Handler                
00003a3f  Comp0_Handler                  
00003a41  Comp1_Handler                  
00003a43  Comp2_Handler                  
00003a45  SysCtl_Handler                 
00003a47  FlashCtl_Handler               
00003a49  GPIOPortF_Handler              
00003a4b  GPIOPortG_Handler              
00003a4d  GPIOPortH_Handler              
00003a4f  UART2_Handler                  
00003a51  SSI1_Handler                   
00003a53  Timer3A_Handler                
00003a55  Timer3B_Handler                
00003a57  I2C1_Handler                   
00003a59  Quadrature1_Handler            
00003a5b  CAN0_Handler                   
00003a5d  CAN1_Handler                   
00003a5f  CAN2_Handler                   
00003a61  Ethernet_Handler               
00003a63  Hibernate_Handler              
00003a65  USB0_Handler                   
00003a67  PWM0Generator3_Handler         
00003a69  uDMA_Handler                   
00003a6b  uDMA_Error                     
00003a6d  ADC1Seq0_Handler               
00003a6f  ADC1Seq1_Handler               
00003a71  ADC1Seq2_Handler               
00003a73  ADC1Seq3_Handler               
00003a75  I2S0_Handler                   
00003a77  ExtBus_Handler                 
00003a79  GPIOPortJ_Handler              
00003a7b  GPIOPortK_Handler              
00003a7d  GPIOPortL_Handler              
00003a7f  SSI2_Handler                   
00003a81  SSI3_Handler                   
00003a83  UART3_Handler                  
00003a85  UART4_Handler                  
00003a87  UART5_Handler                  
00003a89  UART6_Handler                  
00003a8b  UART7_Handler                  
00003a8d  I2C2_Handler                   
00003a8f  I2C3_Handler                   
00003a91  Timer4A_Handler                
00003a93  Timer4B_Handler                
00003a95  Timer5A_Handler                
00003a97  Timer5B_Handler                
00003a99  WideTimer0A_Handler            
00003a9b  WideTimer0B_Handler            
00003a9d  WideTimer1A_Handler            
00003a9f  WideTimer1B_Handler            
00003aa1  WideTimer2A_Handler            
00003aa3  WideTimer2B_Handler            
00003aa5  WideTimer3A_Handler            
00003aa7  WideTimer3B_Handler            
00003aa9  WideTimer4A_Handler            
00003aab  WideTimer4B_Handler            
00003aad  WideTimer5A_Handler            
00003aaf  WideTimer5B_Handler            
00003ab1  FPU_Handler                    
00003ab3  PECI0_Handler                  
00003ab5  LPC0_Handler                   
00003ab7  I2C4_Handler                   
00003ab9  I2C5_Handler                   
00003abb  GPIOPortM_Handler              
00003abd  GPIOPortN_Handler              
00003abf  Quadrature2_Handler            
00003ac1  Fan0_Handler                   
00003ac3  GPIOPortP_Handler              
00003ac5  GPIOPortP1_Handler             
00003ac7  GPIOPortP2_Handler             
00003ac9  GPIOPortP3_Handler             
00003acb  GPIOPortP4_Handler             
00003acd  GPIOPortP5_Handler             
00003acf  GPIOPortP6_Handler             
00003ad1  GPIOPortP7_Handler             
00003ad3  GPIOPortQ_Handler              
00003ad5  GPIOPortQ1_Handler             
00003ad7  GPIOPortQ2_Handler             
00003ad9  GPIOPortQ3_Handler             
00003adb  GPIOPortQ4_Handler             
00003add  GPIOPortQ5_Handler             
00003adf  GPIOPortQ6_Handler             
00003ae1  GPIOPortQ7_Handler             
00003ae3  GPIOPortR_Handler              
00003ae5  GPIOPortS_Handler              
00003ae7  PWM1Generator0_Handler         
00003ae9  PWM1Generator1_Handler         
00003aeb  PWM1Generator2_Handler         
00003aed  PWM1Generator3_Handler         
00003aef  PWM1Fault_Handler              
00003af1  DisableInterrupts              
00003af5  EnableInterrupts               
00003af9  StartCritical                  
00003b01  EndCritical                    
00003b07  WaitForInterrupt               
00003b0d  _Dscale                        
00003c1d  __aeabi_dmul                   
00003d19  LED_Init                       
00003d61  Board_Input                    
00003d73  LED_RedOn                      
00003d7b  LED_RedOff                     
00003d83  LED_RedToggle                  
00003d8f  LED_BlueToggle                 
00003d9b  LED_GreenToggle                
00003da7  LED_GreenOn                    
00003daf  LED_GreenOff                   
00003df9  setvbuf                        
00003ed5  __TI_doflush                   
00003f21  fflush                         
00003f9d  _Dnorm                         
0000405b  __TI_wrt_ok                    
000040bd  __TI_rd_ok                     
00004107  __aeabi_memcpy                 
00004107  __aeabi_memcpy4                
00004107  __aeabi_memcpy8                
00004107  memcpy                         
000041a5  __TI_closefile                 
0000420b  fclose                         
0000423d  PLL_Init                       
000042c5  __aeabi_cdcmpeq                
000042c5  __aeabi_cdcmple                
0000434b  __aeabi_cdrcmple               
000043d1  __aeabi_memclr                 
000043d1  __aeabi_memclr4                
000043d1  __aeabi_memclr8                
000043d3  __aeabi_memset                 
000043d3  __aeabi_memset4                
000043d3  __aeabi_memset8                
000043d9  memset                         
00004455  printf                         
000044bd  __TI_auto_init                 
00004595  __TI_writemsg                  
000045c3  C$$IO$$                        
000045c7  __TI_readmsg                   
000045fd  _Dunscale                      
00004665  fseek                          
000046c9  sprintf                        
00004729  ltoa                           
0000477f  ldexp                          
000047d1  _c_int00                       
00004821  atoi                           
0000486d  copy_in                        
000048b9  __aeabi_d2iz                   
00004901  C$$EXIT                        
00004905  abort                          
0000490d  exit                           
00004945  signal                         
00004985  feraiseexcept                  
000049b9  strstr                         
000049ed  strncpy                        
00004a1d  _Dclass                        
00004a4d  _Feraise                       
00004a7d  __aeabi_i2d                    
00004aab  raise                          
00004ad9  frexp                          
00004b03  memchr                         
00004b23  memccpy                        
00004b41  _args_main                     
00004b59  strcmp                         
00004b71  strchr                         
00004b89  _register_unlock               
00004b8f  _register_lock                 
00004b97  _nop                           
00004b9d  strcpy                         
00004bb1  strlen                         
00004bc5  __TI_decompress_none           
00004bd3  __TI_zero_init                 
00004bdf  __TI_decompress_rle24          
00004be5  _system_pre_init               
00004be8  _ctypes_                       
00004e6c  __TI_Handler_Table_Base        
00004e78  __TI_Handler_Table_Limit       
00004e80  __TI_CINIT_Base                
00004e90  __TI_CINIT_Limit               
20000000  RXBuffer                       
20000800  ServerResponseBuffer           
20000c00  TXBuffer                       
20001400  __CIOBUF_                      
20001520  __TI_tmpnams                   
200015c0  SearchString                   
200015e8  RxGetI                         
200015ec  RxPutI                         
200015f0  TxGetI                         
200015f4  TxPutI                         
200015f8  _ftable                        
20001868  _Denorm                        
20001878  _Eps                           
20001888  _Hugeval                       
20001898  _Inf                           
200018a8  _Nan                           
200018b8  _Snan                          
200018c8  _Rteps                         
200018d8  _Xbig                          
200018e0  _Zero                          
200018e8  Fetch                          
20001960  RXBufferIndex                  
20001964  LastReturnIndex                
20001968  CurrentReturnIndex             
2000196c  ServerResponseIndex            
20001970  ESP8266_ProcessBuffer          
20001971  ESP8266_EchoResponse           
20001972  ESP8266_ResponseComplete       
20001973  ESP8266_APEnabled              
20001974  ESP8266_ClientEnabled          
20001975  ESP8266_ServerEnabled          
20001976  ESP8266_InputProcessingEnabled 
20001977  ESP8266_PageRequested          
20001978  SearchLooking                  
20001979  SearchFound                    
2000197c  SearchIndex                    
20001980  ServerResponseSearchString     
20001990  ServerResponseSearchFinished   
20001994  ServerResponseSearchIndex      
20001998  ServerResponseSearchLooking    
2000199c  ESP8266_ServerPort             
2000199e  ESP8266_ServerTimeout          
200019a0  __TI_ft_end                    
200019a4  __aeabi_stdin                  
200019a8  __aeabi_stdout                 
200019ac  __aeabi_stderr                 
200019bc  _lock                          
200019c0  _unlock                        
200019c4  __TI_cleanup_ptr               
200019c8  __TI_dtors_ptr                 
200019cc  _Fenv                          
200019d0  _Tls_setup__Fenv               
200019d4  _Errno                         
200019dc  main_func_sp                   
200019e0  __stack                        
20001be0  __STACK_END                    
20001be0  __STACK_TOP                    
20001be0  _sys_memory                    
ffffffff  __binit__                      
ffffffff  __c_args__                     
ffffffff  binit                          
UNDEFED   SHT$$INIT_ARRAY$$Base          
UNDEFED   SHT$$INIT_ARRAY$$Limit         

[369 symbols]
