<html>
<body>
<pre>
<h1>µVision Build Log</h1>
<h2>Project:</h2>
C:\Users\md5salt\Desktop\Labware_2017\Labware\Lab12_TuningFork\Lab12.uvproj
Project File Date:  11/16/2017

<h2>Output:</h2>
Build target 'Lab12'
compiling TuningFork.c...
linking...
Program Size: Code=5496 RO-data=7336 RW-data=88 ZI-data=1752  
".\Lab12.axf" - 0 Error(s), 0 Warning(s).
".\Lab12.axf" - 1 Error(s), 0 Warning(s).
Target not created
-D: variable "last" was declared but never referenced
  static int flag, current, last;
TuningFork.c: 2 warnings, 0 errors
linking...
Program Size: Code=5420 RO-data=7336 RW-data=88 ZI-data=1752  
".\Lab12.axf" - 0 Error(s), 2 Warning(s).
