<html>
<body>
<pre>
<h1>µVision Build Log</h1>
<h2>Project:</h2>
C:\Users\rsasalt\Desktop\Labware\Lab8_SwitchLEDinterface\Lab8.uvproj
Project File Date:  09/21/2017

<h2>Output:</h2>
Build target 'Lab8'
compiling SwitchLEDInterface.c...
linking...
Program Size: Code=4028 RO-data=6628 RW-data=56 ZI-data=1752  
".\Lab8.axf" - 0 Error(s), 0 Warning(s).
 0;
SwitchLEDInterface.c: 1 warning, 0 errors
linking...
Program Size: Code=4048 RO-data=6628 RW-data=56 ZI-data=1752  
".\Lab8.axf" - 0 Error(s), 1 Warning(s).
de=4032 RO-data=6628 RW-data=56 ZI-data=1752  
".\Lab8.axf" - 0 Error(s), 2 Warning(s).
8.axf: Error: L6218E: Undefined symbol delay (referred from switchledinterface.o).
Not enough information to list image symbols.
Finished: 1 information, 0 warning and 1 error messages.
".\Lab8.axf" - 1 Error(s), 3 Warning(s).
Target not created
Error: Could not load file 'C:\Users\rsasalt\Desktop\Labware\Lab8_SwitchLEDinterface\Lab8.axf'. Debugger aborted !
