<html>
<body>
<pre>
<h1>µVision Build Log</h1>
<h2>Project:</h2>
C:\Users\rsasalt\Desktop\Labware\Lab7_HeartBlock\Lab7.uvproj
Project File Date:  09/21/2017

<h2>Output:</h2>
Build target 'Lab7'
compiling main.c...
linking...
Program Size: Code=4212 RO-data=6156 RW-data=80 ZI-data=1752  
".\Lab7.axf" - 0 Error(s), 0 Warning(s).
));
main.c(132): error:  #118: a void function may not return a value
        return ((AS == 0x10) ? foo() : WaitForASHigh());
main.c: 0 warnings, 2 errors
".\Lab7.axf" - 2 Error(s), 0 Warning(s).
Target not created
ain.c: 1 warning, 2 errors
".\Lab7.axf" - 2 Error(s), 1 Warning(s).
Target not created
        return ((AS == 0x10) ? 1==1  : WaitForASHigh());
main.c: 0 warnings, 4 errors
".\Lab7.axf" - 4 Error(s), 0 Warning(s).
Target not created
arning(s).
Target not created
     return ((AS == 0x10) ?  (void) : WaitForASHigh());
main.c: 0 warnings, 6 errors
".\Lab7.axf" - 6 Error(s), 0 Warning(s).
Target not created
